******************************************************************************
                  TI ARM Linker PC v16.9.6                     
******************************************************************************
>> Linked Thu Apr 05 11:26:05 2018

OUTPUT FILE NAME:   <project_zero_cc2640r2lp_app.out>
ENTRY POINT SYMBOL: "ResetISR"  address: 0000cd59


MEMORY CONFIGURATION

         name            origin    length      used     unused   attr    fill
----------------------  --------  ---------  --------  --------  ----  --------
  FLASH                 00000000   0001f000  00011d94  0000d26c  R  X
  FLASH_LAST_PAGE       0001f000   00001000  00000058  00000fa8  R  X
  SRAM                  20000000   00004400  0000277e  00001c82  RW X


SEGMENT ALLOCATION MAP

run origin  load origin   length   init length attrs members
----------  ----------- ---------- ----------- ----- -------
00000000    00000000    00010d9c   00010d9c    r-x
  00000000    00000000    0000003c   0000003c    r-- .resetVecs
  0000003c    0000003c    00000fc4   00000fc4    r-x .text.1
  00001000    00001000    00000028   00000028    r-- .const:ti_sysbios_heaps_HeapMem_Module__FXNS__C
  00001028    00001028    00000024   00000024    r-- .const:ti_sysbios_gates_GateHwi_Module__FXNS__C
  0000104c    0000104c    00000024   00000024    r-- .const:ti_sysbios_gates_GateMutex_Module__FXNS__C
  00001070    00001070    00000020   00000020    r-- .const:ti_sysbios_family_arm_m3_Hwi_Object__DESC__C
  00001090    00001090    00000020   00000020    r-- .const:ti_sysbios_gates_GateHwi_Object__DESC__C
  000010b0    000010b0    00000020   00000020    r-- .const:ti_sysbios_gates_GateMutex_Object__DESC__C
  000010d0    000010d0    00000020   00000020    r-- .const:ti_sysbios_hal_Hwi_Object__DESC__C
  000010f0    000010f0    00000020   00000020    r-- .const:ti_sysbios_heaps_HeapMem_Object__DESC__C
  00001110    00001110    00000020   00000020    r-- .const:ti_sysbios_knl_Clock_Object__DESC__C
  00001130    00001130    00000020   00000020    r-- .const:ti_sysbios_knl_Event_Object__DESC__C
  00001150    00001150    00000020   00000020    r-- .const:ti_sysbios_knl_Mailbox_Object__DESC__C
  00001170    00001170    00000020   00000020    r-- .const:ti_sysbios_knl_Queue_Object__DESC__C
  00001190    00001190    00000020   00000020    r-- .const:ti_sysbios_knl_Semaphore_Object__DESC__C
  000011b0    000011b0    00000020   00000020    r-- .const:ti_sysbios_knl_Swi_Object__DESC__C
  000011d0    000011d0    00000020   00000020    r-- .const:ti_sysbios_knl_Task_Object__DESC__C
  000011f0    000011f0    00000008   00000008    r-- .const:ti_sysbios_knl_Idle_funcList__C
  000011f8    000011f8    00000004   00000004    r-- .const:ti_sysbios_family_arm_cc26xx_Timer_startupNeeded__C
  000011fc    000011fc    00000004   00000004    r-- .const:ti_sysbios_family_arm_m3_Hwi_E_alreadyDefined__C
  00001200    00001200    00000004   00000004    r-- .const:ti_sysbios_family_arm_m3_Hwi_E_hwiLimitExceeded__C
  00001204    00001204    00000004   00000004    r-- .const:ti_sysbios_family_arm_m3_Hwi_NUM_INTERRUPTS__C
  00001208    00001208    00000004   00000004    r-- .const:ti_sysbios_family_arm_m3_Hwi_Object__count__C
  0000120c    0000120c    00000004   00000004    r-- .const:ti_sysbios_family_arm_m3_Hwi_Object__table__C
  00001210    00001210    00000004   00000004    r-- .const:ti_sysbios_family_arm_m3_Hwi_ccr__C
  00001214    00001214    00000004   00000004    r-- .const:ti_sysbios_family_arm_m3_Hwi_excHandlerFunc__C
  00001218    00001218    00000004   00000004    r-- .const:ti_sysbios_family_arm_m3_Hwi_nullIsrFunc__C
  0000121c    0000121c    00000004   00000004    r-- .const:ti_sysbios_family_arm_m3_Hwi_numSparseInterrupts__C
  00001220    00001220    00000004   00000004    r-- .const:ti_sysbios_family_arm_m3_Hwi_priGroup__C
  00001224    00001224    00000004   00000004    r-- .const:ti_sysbios_family_arm_m3_TaskSupport_stackAlignment__C
  00001228    00001228    00000004   00000004    r-- .const:ti_sysbios_heaps_HeapMem_E_memory__C
  0000122c    0000122c    00000004   00000004    r-- .const:ti_sysbios_heaps_HeapMem_Module__gateObj__C
  00001230    00001230    00000004   00000004    r-- .const:ti_sysbios_heaps_HeapMem_Object__count__C
  00001234    00001234    00000004   00000004    r-- .const:ti_sysbios_heaps_HeapMem_Object__table__C
  00001238    00001238    00000004   00000004    r-- .const:ti_sysbios_heaps_HeapMem_reqAlign__C
  0000123c    0000123c    00000004   00000004    r-- .const:ti_sysbios_knl_Clock_triggerClock__C
  00001240    00001240    00000004   00000004    r-- .const:ti_sysbios_knl_Mailbox_Object__count__C
  00001244    00001244    00000004   00000004    r-- .const:ti_sysbios_knl_Mailbox_Object__table__C
  00001248    00001248    00000004   00000004    r-- .const:ti_sysbios_knl_Mailbox_maxTypeAlign__C
  0000124c    0000124c    00000004   00000004    r-- .const:ti_sysbios_knl_Queue_Object__count__C
  00001250    00001250    00000004   00000004    r-- .const:ti_sysbios_knl_Queue_Object__table__C
  00001254    00001254    00000004   00000004    r-- .const:ti_sysbios_knl_Semaphore_eventPost__C
  00001258    00001258    00000004   00000004    r-- .const:ti_sysbios_knl_Semaphore_eventSync__C
  0000125c    0000125c    00000004   00000004    r-- .const:ti_sysbios_knl_Swi_Object__count__C
  00001260    00001260    00000004   00000004    r-- .const:ti_sysbios_knl_Swi_Object__table__C
  00001264    00001264    00000004   00000004    r-- .const:ti_sysbios_knl_Swi_numPriorities__C
  00001268    00001268    00000004   00000004    r-- .const:ti_sysbios_knl_Task_Object__count__C
  0000126c    0000126c    00000004   00000004    r-- .const:ti_sysbios_knl_Task_Object__table__C
  00001270    00001270    00000004   00000004    r-- .const:ti_sysbios_knl_Task_allBlockedFunc__C
  00001274    00001274    00000004   00000004    r-- .const:ti_sysbios_knl_Task_defaultStackHeap__C
  00001278    00001278    00000004   00000004    r-- .const:ti_sysbios_knl_Task_defaultStackSize__C
  0000127c    0000127c    00000004   00000004    r-- .const:ti_sysbios_knl_Task_numConstructedTasks__C
  00001280    00001280    00000002   00000002    r-- .const:ti_sysbios_family_arm_cc26xx_Timer_Module__id__C
  00001282    00001282    00000002   00000002    r-- .const:ti_sysbios_family_arm_cc26xx_TimestampProvider_useClockTimer__C
  00001284    00001284    00000002   00000002    r-- .const:ti_sysbios_family_arm_m3_Hwi_Module__id__C
  00001286    00001286    00000002   00000002    r-- .const:ti_sysbios_gates_GateHwi_Module__id__C
  00001288    00001288    00000002   00000002    r-- .const:ti_sysbios_gates_GateMutex_Module__id__C
  0000128a    0000128a    00000002   00000002    r-- .const:ti_sysbios_heaps_HeapMem_Module__id__C
  0000128c    0000128c    00000002   00000002    r-- .const:ti_sysbios_knl_Task_initStackFlag__C
  0000128e    0000128e    00000001   00000001    r-- .const:ti_sysbios_knl_Clock_tickMode__C
  00001290    00001290    00000008   00000008    r-- .const:xdc_runtime_Startup_firstFxns__C
  00001298    00001298    00000008   00000008    r-- .const:xdc_runtime_Startup_lastFxns__C
  000012a0    000012a0    00000004   00000004    r-- .const:xdc_runtime_Assert_E_assertFailed__C
  000012a4    000012a4    00000004   00000004    r-- .const:xdc_runtime_Error_E_memory__C
  000012a8    000012a8    00000004   00000004    r-- .const:xdc_runtime_Error_policyFxn__C
  000012ac    000012ac    00000004   00000004    r-- .const:xdc_runtime_Error_raiseHook__C
  000012b0    000012b0    00000004   00000004    r-- .const:xdc_runtime_IGateProvider_Interface__BASE__C
  000012b4    000012b4    00000004   00000004    r-- .const:xdc_runtime_IHeap_Interface__BASE__C
  000012b8    000012b8    00000004   00000004    r-- .const:xdc_runtime_IModule_Interface__BASE__C
  000012bc    000012bc    00000004   00000004    r-- .const:xdc_runtime_Memory_defaultHeapInstance__C
  000012c0    000012c0    00000004   00000004    r-- .const:xdc_runtime_Startup_execImpl__C
  000012c4    000012c4    00000004   00000004    r-- .const:xdc_runtime_Startup_maxPasses__C
  000012c8    000012c8    00000004   00000004    r-- .const:xdc_runtime_Startup_sfxnRts__C
  000012cc    000012cc    00000004   00000004    r-- .const:xdc_runtime_Startup_sfxnTab__C
  000012d0    000012d0    00000004   00000004    r-- .const:xdc_runtime_Startup_startModsFxn__C
  000012d4    000012d4    00000004   00000004    r-- .const:xdc_runtime_SysCallback_abortFxn__C
  000012d8    000012d8    00000004   00000004    r-- .const:xdc_runtime_SysCallback_exitFxn__C
  000012dc    000012dc    00000004   00000004    r-- .const:xdc_runtime_System_abortFxn__C
  000012e0    000012e0    00000004   00000004    r-- .const:xdc_runtime_System_exitFxn__C
  000012e4    000012e4    00000004   00000004    r-- .const:xdc_runtime_System_maxAtexitHandlers__C
  000012e8    000012e8    00000004   00000004    r-- .const:xdc_runtime_Text_charTab__C
  000012ec    000012ec    00000004   00000004    r-- .const:xdc_runtime_Text_nameEmpty__C
  000012f0    000012f0    00000004   00000004    r-- .const:xdc_runtime_Text_nameStatic__C
  000012f4    000012f4    00000004   00000004    r-- .const:xdc_runtime_Text_nameUnknown__C
  000012f8    000012f8    00000002   00000002    r-- .const:xdc_runtime_Error_maxDepth__C
  000012fa    000012fa    00000002   00000002    r-- .const:xdc_runtime_Memory_Module__id__C
  000012fc    000012fc    00000002   00000002    r-- .const:xdc_runtime_Text_charCnt__C
  000012fe    000012fe    00000002   00000002    r-- .const:xdc_runtime_Text_isLoaded__C
  00001300    00001300    00000001   00000001    r-- .const:xdc_runtime_Error_policy__C
  00001304    00001304    00000004   00000004    r-- .const:ti_sysbios_rom_ROM_ti_sysbios_family_arm_cc26xx_Timer_getCount64__E
  00001308    00001308    00000004   00000004    r-- .const:ti_sysbios_rom_ROM_ti_sysbios_family_arm_cc26xx_Timer_getCurrentTick__E
  0000130c    0000130c    00000004   00000004    r-- .const:ti_sysbios_rom_ROM_ti_sysbios_family_arm_cc26xx_Timer_getMaxTicks__E
  00001310    00001310    00000004   00000004    r-- .const:ti_sysbios_rom_ROM_ti_sysbios_family_arm_cc26xx_Timer_initDevice__I
  00001314    00001314    00000004   00000004    r-- .const:ti_sysbios_rom_ROM_ti_sysbios_family_arm_cc26xx_Timer_setNextTick__E
  00001318    00001318    00000004   00000004    r-- .const:ti_sysbios_rom_ROM_ti_sysbios_family_arm_cc26xx_Timer_setThreshold__I
  0000131c    0000131c    00000004   00000004    r-- .const:ti_sysbios_rom_ROM_ti_sysbios_family_arm_cc26xx_Timer_start__E
  00001320    00001320    00000004   00000004    r-- .const:ti_sysbios_rom_ROM_ti_sysbios_family_arm_cc26xx_TimestampProvider_get32__E
  00001324    00001324    00000004   00000004    r-- .const:ti_sysbios_rom_ROM_xdc_runtime_Startup_getState__I
  00001328    00001328    00000004   00000004    r-- .const:ti_sysbios_rom_ROM_xdc_runtime_System_SupportProxy_abort__E
  0000132c    0000132c    00000004   00000004    r-- .const:ti_sysbios_rom_ROM_xdc_runtime_System_SupportProxy_exit__E
  00001330    00001330    0000e514   0000e514    r-x .text.2
  0000f844    0000f844    00000ff8   00000ff8    r-- .const
  0001083c    0001083c    00000090   00000090    r-- .rodata
  000108d0    000108d0    000004cc   000004cc    r-- .cinit
0001e000    0001e000    00001000   00001000    r--
  0001e000    0001e000    00001000   00001000    r-- .snvSectors
0001ffa8    0001ffa8    00000058   00000058    r--
  0001ffa8    0001ffa8    00000058   00000058    r-- .ccfg
20000100    20000100    000022b8   00000000    rw-
  20000100    20000100    00000044   00000000    rw- .data:ti_sysbios_knl_Task_Module__state__V
  20000144    20000144    00000034   00000000    rw- .data:ti_sysbios_family_arm_m3_Hwi_Module__state__V
  20000178    20000178    0000002c   00000000    rw- .data:ti_sysbios_knl_Clock_Module__state__V
  200001a4    200001a4    00000024   00000000    rw- .data:ti_sysbios_BIOS_Module__state__V
  200001c8    200001c8    0000001c   00000000    rw- .data:ti_sysbios_knl_Swi_Module__state__V
  200001e4    200001e4    00000008   00000000    rw- .data:ti_sysbios_family_arm_cc26xx_Timer_Module__state__V
  200001ec    200001ec    00000004   00000000    rw- .data:ti_sysbios_family_arm_cc26xx_TimestampProvider_Module__state__V
  200001f0    200001f0    00000008   00000000    rw- .data:xdc_runtime_Startup_Module__state__V
  200001f8    200001f8    00000008   00000000    rw- .data:xdc_runtime_System_Module__state__V
  20000200    20000200    00000004   00000000    rw- .data:xdc_runtime_Memory_Module__state__V
  20000204    20000204    00000002   00000000    rw- .data:xdc_runtime_Error_Module__state__V
  20000208    20000208    000019eb   00000000    rw- .data
  20001bf8    20001bf8    000007c0   00000000    rw- .bss
20004000    20004000    00000400   00000000    rw-
  20004000    20004000    00000400   00000000    rw- .stack


SECTION ALLOCATION MAP

 output                                  attributes/
section   page    origin      length       input sections
--------  ----  ----------  ----------   ----------------
.resetVecs 
*          0    00000000    0000003c     
                  00000000    0000003c     app_ble_uartlog_pem3.oem3 (.resetVecs)

.text.1    0    0000003c    00000fc4     
                  0000003c    000006c4     project_zero_bds.obj (.text:ProjectZero_taskFxn$3)
                  00000700    00000008     (.tramp.ti_sysbios_knl_Event_pend__E.1)
                  00000708    00000008     ble_r2.symbols (.tramp.GATT_bm_free.1)
                  00000710    00000008     (.tramp.ti_sysbios_knl_Queue_empty__E.1)
                  00000718    00000008     (.tramp.ti_sysbios_knl_Queue_dequeue__E.1)
                  00000720    00000008     (.tramp.ti_sysbios_knl_Clock_stop__E.1)
                  00000728    00000008     (.tramp.ti_sysbios_knl_Clock_start__E.1)
                  00000730    00000674     project_zero_bds.obj (.text:ProjectZero_init$3)
                  00000da4    00000008     (.tramp.ti_sysbios_knl_Queue_construct.1)
                  00000dac    00000008     (.tramp.ti_sysbios_knl_Task_exit__E.1)
                  00000db4    00000008     (.tramp.ti_sysbios_knl_Clock_Params__init__S.1)
                  00000dbc    00000008     (.tramp.ti_sysbios_knl_Clock_construct.1)
                  00000dc4    00000238     cc26xx_profiles_pxxx.a : gapgattserver.o (.text)
                  00000ffc    00000004     dpl_cc26x0r2.aem3 : PowerCC26XX_tirtos.oem3 (.text:CPUwfi)

.const:ti_sysbios_heaps_HeapMem_Module__FXNS__C 
*          0    00001000    00000028     
                  00001000    00000028     app_ble_uartlog_pem3.oem3 (.const:ti_sysbios_heaps_HeapMem_Module__FXNS__C)

.const:ti_sysbios_gates_GateHwi_Module__FXNS__C 
*          0    00001028    00000024     
                  00001028    00000024     app_ble_uartlog_pem3.oem3 (.const:ti_sysbios_gates_GateHwi_Module__FXNS__C)

.const:ti_sysbios_gates_GateMutex_Module__FXNS__C 
*          0    0000104c    00000024     
                  0000104c    00000024     app_ble_uartlog_pem3.oem3 (.const:ti_sysbios_gates_GateMutex_Module__FXNS__C)

.const:ti_sysbios_family_arm_m3_Hwi_Object__DESC__C 
*          0    00001070    00000020     
                  00001070    00000020     app_ble_uartlog_pem3.oem3 (.const:ti_sysbios_family_arm_m3_Hwi_Object__DESC__C)

.const:ti_sysbios_gates_GateHwi_Object__DESC__C 
*          0    00001090    00000020     
                  00001090    00000020     app_ble_uartlog_pem3.oem3 (.const:ti_sysbios_gates_GateHwi_Object__DESC__C)

.const:ti_sysbios_gates_GateMutex_Object__DESC__C 
*          0    000010b0    00000020     
                  000010b0    00000020     app_ble_uartlog_pem3.oem3 (.const:ti_sysbios_gates_GateMutex_Object__DESC__C)

.const:ti_sysbios_hal_Hwi_Object__DESC__C 
*          0    000010d0    00000020     
                  000010d0    00000020     app_ble_uartlog_pem3.oem3 (.const:ti_sysbios_hal_Hwi_Object__DESC__C)

.const:ti_sysbios_heaps_HeapMem_Object__DESC__C 
*          0    000010f0    00000020     
                  000010f0    00000020     app_ble_uartlog_pem3.oem3 (.const:ti_sysbios_heaps_HeapMem_Object__DESC__C)

.const:ti_sysbios_knl_Clock_Object__DESC__C 
*          0    00001110    00000020     
                  00001110    00000020     app_ble_uartlog_pem3.oem3 (.const:ti_sysbios_knl_Clock_Object__DESC__C)

.const:ti_sysbios_knl_Event_Object__DESC__C 
*          0    00001130    00000020     
                  00001130    00000020     app_ble_uartlog_pem3.oem3 (.const:ti_sysbios_knl_Event_Object__DESC__C)

.const:ti_sysbios_knl_Mailbox_Object__DESC__C 
*          0    00001150    00000020     
                  00001150    00000020     app_ble_uartlog_pem3.oem3 (.const:ti_sysbios_knl_Mailbox_Object__DESC__C)

.const:ti_sysbios_knl_Queue_Object__DESC__C 
*          0    00001170    00000020     
                  00001170    00000020     app_ble_uartlog_pem3.oem3 (.const:ti_sysbios_knl_Queue_Object__DESC__C)

.const:ti_sysbios_knl_Semaphore_Object__DESC__C 
*          0    00001190    00000020     
                  00001190    00000020     app_ble_uartlog_pem3.oem3 (.const:ti_sysbios_knl_Semaphore_Object__DESC__C)

.const:ti_sysbios_knl_Swi_Object__DESC__C 
*          0    000011b0    00000020     
                  000011b0    00000020     app_ble_uartlog_pem3.oem3 (.const:ti_sysbios_knl_Swi_Object__DESC__C)

.const:ti_sysbios_knl_Task_Object__DESC__C 
*          0    000011d0    00000020     
                  000011d0    00000020     app_ble_uartlog_pem3.oem3 (.const:ti_sysbios_knl_Task_Object__DESC__C)

.const:ti_sysbios_knl_Idle_funcList__C 
*          0    000011f0    00000008     
                  000011f0    00000008     app_ble_uartlog_pem3.oem3 (.const:ti_sysbios_knl_Idle_funcList__C)

.const:ti_sysbios_family_arm_cc26xx_Timer_startupNeeded__C 
*          0    000011f8    00000004     
                  000011f8    00000004     app_ble_uartlog_pem3.oem3 (.const:ti_sysbios_family_arm_cc26xx_Timer_startupNeeded__C)

.const:ti_sysbios_family_arm_m3_Hwi_E_alreadyDefined__C 
*          0    000011fc    00000004     
                  000011fc    00000004     app_ble_uartlog_pem3.oem3 (.const:ti_sysbios_family_arm_m3_Hwi_E_alreadyDefined__C)

.const:ti_sysbios_family_arm_m3_Hwi_E_hwiLimitExceeded__C 
*          0    00001200    00000004     
                  00001200    00000004     app_ble_uartlog_pem3.oem3 (.const:ti_sysbios_family_arm_m3_Hwi_E_hwiLimitExceeded__C)

.const:ti_sysbios_family_arm_m3_Hwi_NUM_INTERRUPTS__C 
*          0    00001204    00000004     
                  00001204    00000004     app_ble_uartlog_pem3.oem3 (.const:ti_sysbios_family_arm_m3_Hwi_NUM_INTERRUPTS__C)

.const:ti_sysbios_family_arm_m3_Hwi_Object__count__C 
*          0    00001208    00000004     
                  00001208    00000004     app_ble_uartlog_pem3.oem3 (.const:ti_sysbios_family_arm_m3_Hwi_Object__count__C)

.const:ti_sysbios_family_arm_m3_Hwi_Object__table__C 
*          0    0000120c    00000004     
                  0000120c    00000004     app_ble_uartlog_pem3.oem3 (.const:ti_sysbios_family_arm_m3_Hwi_Object__table__C)

.const:ti_sysbios_family_arm_m3_Hwi_ccr__C 
*          0    00001210    00000004     
                  00001210    00000004     app_ble_uartlog_pem3.oem3 (.const:ti_sysbios_family_arm_m3_Hwi_ccr__C)

.const:ti_sysbios_family_arm_m3_Hwi_excHandlerFunc__C 
*          0    00001214    00000004     
                  00001214    00000004     app_ble_uartlog_pem3.oem3 (.const:ti_sysbios_family_arm_m3_Hwi_excHandlerFunc__C)

.const:ti_sysbios_family_arm_m3_Hwi_nullIsrFunc__C 
*          0    00001218    00000004     
                  00001218    00000004     app_ble_uartlog_pem3.oem3 (.const:ti_sysbios_family_arm_m3_Hwi_nullIsrFunc__C)

.const:ti_sysbios_family_arm_m3_Hwi_numSparseInterrupts__C 
*          0    0000121c    00000004     
                  0000121c    00000004     app_ble_uartlog_pem3.oem3 (.const:ti_sysbios_family_arm_m3_Hwi_numSparseInterrupts__C)

.const:ti_sysbios_family_arm_m3_Hwi_priGroup__C 
*          0    00001220    00000004     
                  00001220    00000004     app_ble_uartlog_pem3.oem3 (.const:ti_sysbios_family_arm_m3_Hwi_priGroup__C)

.const:ti_sysbios_family_arm_m3_TaskSupport_stackAlignment__C 
*          0    00001224    00000004     
                  00001224    00000004     app_ble_uartlog_pem3.oem3 (.const:ti_sysbios_family_arm_m3_TaskSupport_stackAlignment__C)

.const:ti_sysbios_heaps_HeapMem_E_memory__C 
*          0    00001228    00000004     
                  00001228    00000004     app_ble_uartlog_pem3.oem3 (.const:ti_sysbios_heaps_HeapMem_E_memory__C)

.const:ti_sysbios_heaps_HeapMem_Module__gateObj__C 
*          0    0000122c    00000004     
                  0000122c    00000004     app_ble_uartlog_pem3.oem3 (.const:ti_sysbios_heaps_HeapMem_Module__gateObj__C)

.const:ti_sysbios_heaps_HeapMem_Object__count__C 
*          0    00001230    00000004     
                  00001230    00000004     app_ble_uartlog_pem3.oem3 (.const:ti_sysbios_heaps_HeapMem_Object__count__C)

.const:ti_sysbios_heaps_HeapMem_Object__table__C 
*          0    00001234    00000004     
                  00001234    00000004     app_ble_uartlog_pem3.oem3 (.const:ti_sysbios_heaps_HeapMem_Object__table__C)

.const:ti_sysbios_heaps_HeapMem_reqAlign__C 
*          0    00001238    00000004     
                  00001238    00000004     app_ble_uartlog_pem3.oem3 (.const:ti_sysbios_heaps_HeapMem_reqAlign__C)

.const:ti_sysbios_knl_Clock_triggerClock__C 
*          0    0000123c    00000004     
                  0000123c    00000004     app_ble_uartlog_pem3.oem3 (.const:ti_sysbios_knl_Clock_triggerClock__C)

.const:ti_sysbios_knl_Mailbox_Object__count__C 
*          0    00001240    00000004     
                  00001240    00000004     app_ble_uartlog_pem3.oem3 (.const:ti_sysbios_knl_Mailbox_Object__count__C)

.const:ti_sysbios_knl_Mailbox_Object__table__C 
*          0    00001244    00000004     
                  00001244    00000004     app_ble_uartlog_pem3.oem3 (.const:ti_sysbios_knl_Mailbox_Object__table__C)

.const:ti_sysbios_knl_Mailbox_maxTypeAlign__C 
*          0    00001248    00000004     
                  00001248    00000004     app_ble_uartlog_pem3.oem3 (.const:ti_sysbios_knl_Mailbox_maxTypeAlign__C)

.const:ti_sysbios_knl_Queue_Object__count__C 
*          0    0000124c    00000004     
                  0000124c    00000004     app_ble_uartlog_pem3.oem3 (.const:ti_sysbios_knl_Queue_Object__count__C)

.const:ti_sysbios_knl_Queue_Object__table__C 
*          0    00001250    00000004     
                  00001250    00000004     app_ble_uartlog_pem3.oem3 (.const:ti_sysbios_knl_Queue_Object__table__C)

.const:ti_sysbios_knl_Semaphore_eventPost__C 
*          0    00001254    00000004     
                  00001254    00000004     app_ble_uartlog_pem3.oem3 (.const:ti_sysbios_knl_Semaphore_eventPost__C)

.const:ti_sysbios_knl_Semaphore_eventSync__C 
*          0    00001258    00000004     
                  00001258    00000004     app_ble_uartlog_pem3.oem3 (.const:ti_sysbios_knl_Semaphore_eventSync__C)

.const:ti_sysbios_knl_Swi_Object__count__C 
*          0    0000125c    00000004     
                  0000125c    00000004     app_ble_uartlog_pem3.oem3 (.const:ti_sysbios_knl_Swi_Object__count__C)

.const:ti_sysbios_knl_Swi_Object__table__C 
*          0    00001260    00000004     
                  00001260    00000004     app_ble_uartlog_pem3.oem3 (.const:ti_sysbios_knl_Swi_Object__table__C)

.const:ti_sysbios_knl_Swi_numPriorities__C 
*          0    00001264    00000004     
                  00001264    00000004     app_ble_uartlog_pem3.oem3 (.const:ti_sysbios_knl_Swi_numPriorities__C)

.const:ti_sysbios_knl_Task_Object__count__C 
*          0    00001268    00000004     
                  00001268    00000004     app_ble_uartlog_pem3.oem3 (.const:ti_sysbios_knl_Task_Object__count__C)

.const:ti_sysbios_knl_Task_Object__table__C 
*          0    0000126c    00000004     
                  0000126c    00000004     app_ble_uartlog_pem3.oem3 (.const:ti_sysbios_knl_Task_Object__table__C)

.const:ti_sysbios_knl_Task_allBlockedFunc__C 
*          0    00001270    00000004     
                  00001270    00000004     app_ble_uartlog_pem3.oem3 (.const:ti_sysbios_knl_Task_allBlockedFunc__C)

.const:ti_sysbios_knl_Task_defaultStackHeap__C 
*          0    00001274    00000004     
                  00001274    00000004     app_ble_uartlog_pem3.oem3 (.const:ti_sysbios_knl_Task_defaultStackHeap__C)

.const:ti_sysbios_knl_Task_defaultStackSize__C 
*          0    00001278    00000004     
                  00001278    00000004     app_ble_uartlog_pem3.oem3 (.const:ti_sysbios_knl_Task_defaultStackSize__C)

.const:ti_sysbios_knl_Task_numConstructedTasks__C 
*          0    0000127c    00000004     
                  0000127c    00000004     app_ble_uartlog_pem3.oem3 (.const:ti_sysbios_knl_Task_numConstructedTasks__C)

.const:ti_sysbios_family_arm_cc26xx_Timer_Module__id__C 
*          0    00001280    00000002     
                  00001280    00000002     app_ble_uartlog_pem3.oem3 (.const:ti_sysbios_family_arm_cc26xx_Timer_Module__id__C)

.const:ti_sysbios_family_arm_cc26xx_TimestampProvider_useClockTimer__C 
*          0    00001282    00000002     
                  00001282    00000002     app_ble_uartlog_pem3.oem3 (.const:ti_sysbios_family_arm_cc26xx_TimestampProvider_useClockTimer__C)

.const:ti_sysbios_family_arm_m3_Hwi_Module__id__C 
*          0    00001284    00000002     
                  00001284    00000002     app_ble_uartlog_pem3.oem3 (.const:ti_sysbios_family_arm_m3_Hwi_Module__id__C)

.const:ti_sysbios_gates_GateHwi_Module__id__C 
*          0    00001286    00000002     
                  00001286    00000002     app_ble_uartlog_pem3.oem3 (.const:ti_sysbios_gates_GateHwi_Module__id__C)

.const:ti_sysbios_gates_GateMutex_Module__id__C 
*          0    00001288    00000002     
                  00001288    00000002     app_ble_uartlog_pem3.oem3 (.const:ti_sysbios_gates_GateMutex_Module__id__C)

.const:ti_sysbios_heaps_HeapMem_Module__id__C 
*          0    0000128a    00000002     
                  0000128a    00000002     app_ble_uartlog_pem3.oem3 (.const:ti_sysbios_heaps_HeapMem_Module__id__C)

.const:ti_sysbios_knl_Task_initStackFlag__C 
*          0    0000128c    00000002     
                  0000128c    00000002     app_ble_uartlog_pem3.oem3 (.const:ti_sysbios_knl_Task_initStackFlag__C)

.const:ti_sysbios_knl_Clock_tickMode__C 
*          0    0000128e    00000001     
                  0000128e    00000001     app_ble_uartlog_pem3.oem3 (.const:ti_sysbios_knl_Clock_tickMode__C)

.const:xdc_runtime_Startup_firstFxns__C 
*          0    00001290    00000008     
                  00001290    00000008     app_ble_uartlog_pem3.oem3 (.const:xdc_runtime_Startup_firstFxns__C)

.const:xdc_runtime_Startup_lastFxns__C 
*          0    00001298    00000008     
                  00001298    00000008     app_ble_uartlog_pem3.oem3 (.const:xdc_runtime_Startup_lastFxns__C)

.const:xdc_runtime_Assert_E_assertFailed__C 
*          0    000012a0    00000004     
                  000012a0    00000004     app_ble_uartlog_pem3.oem3 (.const:xdc_runtime_Assert_E_assertFailed__C)

.const:xdc_runtime_Error_E_memory__C 
*          0    000012a4    00000004     
                  000012a4    00000004     app_ble_uartlog_pem3.oem3 (.const:xdc_runtime_Error_E_memory__C)

.const:xdc_runtime_Error_policyFxn__C 
*          0    000012a8    00000004     
                  000012a8    00000004     app_ble_uartlog_pem3.oem3 (.const:xdc_runtime_Error_policyFxn__C)

.const:xdc_runtime_Error_raiseHook__C 
*          0    000012ac    00000004     
                  000012ac    00000004     app_ble_uartlog_pem3.oem3 (.const:xdc_runtime_Error_raiseHook__C)

.const:xdc_runtime_IGateProvider_Interface__BASE__C 
*          0    000012b0    00000004     
                  000012b0    00000004     app_ble_uartlog_pem3.oem3 (.const:xdc_runtime_IGateProvider_Interface__BASE__C)

.const:xdc_runtime_IHeap_Interface__BASE__C 
*          0    000012b4    00000004     
                  000012b4    00000004     app_ble_uartlog_pem3.oem3 (.const:xdc_runtime_IHeap_Interface__BASE__C)

.const:xdc_runtime_IModule_Interface__BASE__C 
*          0    000012b8    00000004     
                  000012b8    00000004     app_ble_uartlog_pem3.oem3 (.const:xdc_runtime_IModule_Interface__BASE__C)

.const:xdc_runtime_Memory_defaultHeapInstance__C 
*          0    000012bc    00000004     
                  000012bc    00000004     app_ble_uartlog_pem3.oem3 (.const:xdc_runtime_Memory_defaultHeapInstance__C)

.const:xdc_runtime_Startup_execImpl__C 
*          0    000012c0    00000004     
                  000012c0    00000004     app_ble_uartlog_pem3.oem3 (.const:xdc_runtime_Startup_execImpl__C)

.const:xdc_runtime_Startup_maxPasses__C 
*          0    000012c4    00000004     
                  000012c4    00000004     app_ble_uartlog_pem3.oem3 (.const:xdc_runtime_Startup_maxPasses__C)

.const:xdc_runtime_Startup_sfxnRts__C 
*          0    000012c8    00000004     
                  000012c8    00000004     app_ble_uartlog_pem3.oem3 (.const:xdc_runtime_Startup_sfxnRts__C)

.const:xdc_runtime_Startup_sfxnTab__C 
*          0    000012cc    00000004     
                  000012cc    00000004     app_ble_uartlog_pem3.oem3 (.const:xdc_runtime_Startup_sfxnTab__C)

.const:xdc_runtime_Startup_startModsFxn__C 
*          0    000012d0    00000004     
                  000012d0    00000004     app_ble_uartlog_pem3.oem3 (.const:xdc_runtime_Startup_startModsFxn__C)

.const:xdc_runtime_SysCallback_abortFxn__C 
*          0    000012d4    00000004     
                  000012d4    00000004     app_ble_uartlog_pem3.oem3 (.const:xdc_runtime_SysCallback_abortFxn__C)

.const:xdc_runtime_SysCallback_exitFxn__C 
*          0    000012d8    00000004     
                  000012d8    00000004     app_ble_uartlog_pem3.oem3 (.const:xdc_runtime_SysCallback_exitFxn__C)

.const:xdc_runtime_System_abortFxn__C 
*          0    000012dc    00000004     
                  000012dc    00000004     app_ble_uartlog_pem3.oem3 (.const:xdc_runtime_System_abortFxn__C)

.const:xdc_runtime_System_exitFxn__C 
*          0    000012e0    00000004     
                  000012e0    00000004     app_ble_uartlog_pem3.oem3 (.const:xdc_runtime_System_exitFxn__C)

.const:xdc_runtime_System_maxAtexitHandlers__C 
*          0    000012e4    00000004     
                  000012e4    00000004     app_ble_uartlog_pem3.oem3 (.const:xdc_runtime_System_maxAtexitHandlers__C)

.const:xdc_runtime_Text_charTab__C 
*          0    000012e8    00000004     
                  000012e8    00000004     app_ble_uartlog_pem3.oem3 (.const:xdc_runtime_Text_charTab__C)

.const:xdc_runtime_Text_nameEmpty__C 
*          0    000012ec    00000004     
                  000012ec    00000004     app_ble_uartlog_pem3.oem3 (.const:xdc_runtime_Text_nameEmpty__C)

.const:xdc_runtime_Text_nameStatic__C 
*          0    000012f0    00000004     
                  000012f0    00000004     app_ble_uartlog_pem3.oem3 (.const:xdc_runtime_Text_nameStatic__C)

.const:xdc_runtime_Text_nameUnknown__C 
*          0    000012f4    00000004     
                  000012f4    00000004     app_ble_uartlog_pem3.oem3 (.const:xdc_runtime_Text_nameUnknown__C)

.const:xdc_runtime_Error_maxDepth__C 
*          0    000012f8    00000002     
                  000012f8    00000002     app_ble_uartlog_pem3.oem3 (.const:xdc_runtime_Error_maxDepth__C)

.const:xdc_runtime_Memory_Module__id__C 
*          0    000012fa    00000002     
                  000012fa    00000002     app_ble_uartlog_pem3.oem3 (.const:xdc_runtime_Memory_Module__id__C)

.const:xdc_runtime_Text_charCnt__C 
*          0    000012fc    00000002     
                  000012fc    00000002     app_ble_uartlog_pem3.oem3 (.const:xdc_runtime_Text_charCnt__C)

.const:xdc_runtime_Text_isLoaded__C 
*          0    000012fe    00000002     
                  000012fe    00000002     app_ble_uartlog_pem3.oem3 (.const:xdc_runtime_Text_isLoaded__C)

.const:xdc_runtime_Error_policy__C 
*          0    00001300    00000001     
                  00001300    00000001     app_ble_uartlog_pem3.oem3 (.const:xdc_runtime_Error_policy__C)

.const:ti_sysbios_rom_ROM_ti_sysbios_family_arm_cc26xx_Timer_getCount64__E 
*          0    00001304    00000004     
                  00001304    00000004     app_ble_uartlog_pem3.oem3 (.const:ti_sysbios_rom_ROM_ti_sysbios_family_arm_cc26xx_Timer_getCount64__E)

.const:ti_sysbios_rom_ROM_ti_sysbios_family_arm_cc26xx_Timer_getCurrentTick__E 
*          0    00001308    00000004     
                  00001308    00000004     app_ble_uartlog_pem3.oem3 (.const:ti_sysbios_rom_ROM_ti_sysbios_family_arm_cc26xx_Timer_getCurrentTick__E)

.const:ti_sysbios_rom_ROM_ti_sysbios_family_arm_cc26xx_Timer_getMaxTicks__E 
*          0    0000130c    00000004     
                  0000130c    00000004     app_ble_uartlog_pem3.oem3 (.const:ti_sysbios_rom_ROM_ti_sysbios_family_arm_cc26xx_Timer_getMaxTicks__E)

.const:ti_sysbios_rom_ROM_ti_sysbios_family_arm_cc26xx_Timer_initDevice__I 
*          0    00001310    00000004     
                  00001310    00000004     app_ble_uartlog_pem3.oem3 (.const:ti_sysbios_rom_ROM_ti_sysbios_family_arm_cc26xx_Timer_initDevice__I)

.const:ti_sysbios_rom_ROM_ti_sysbios_family_arm_cc26xx_Timer_setNextTick__E 
*          0    00001314    00000004     
                  00001314    00000004     app_ble_uartlog_pem3.oem3 (.const:ti_sysbios_rom_ROM_ti_sysbios_family_arm_cc26xx_Timer_setNextTick__E)

.const:ti_sysbios_rom_ROM_ti_sysbios_family_arm_cc26xx_Timer_setThreshold__I 
*          0    00001318    00000004     
                  00001318    00000004     app_ble_uartlog_pem3.oem3 (.const:ti_sysbios_rom_ROM_ti_sysbios_family_arm_cc26xx_Timer_setThreshold__I)

.const:ti_sysbios_rom_ROM_ti_sysbios_family_arm_cc26xx_Timer_start__E 
*          0    0000131c    00000004     
                  0000131c    00000004     app_ble_uartlog_pem3.oem3 (.const:ti_sysbios_rom_ROM_ti_sysbios_family_arm_cc26xx_Timer_start__E)

.const:ti_sysbios_rom_ROM_ti_sysbios_family_arm_cc26xx_TimestampProvider_get32__E 
*          0    00001320    00000004     
                  00001320    00000004     app_ble_uartlog_pem3.oem3 (.const:ti_sysbios_rom_ROM_ti_sysbios_family_arm_cc26xx_TimestampProvider_get32__E)

.const:ti_sysbios_rom_ROM_xdc_runtime_Startup_getState__I 
*          0    00001324    00000004     
                  00001324    00000004     app_ble_uartlog_pem3.oem3 (.const:ti_sysbios_rom_ROM_xdc_runtime_Startup_getState__I)

.const:ti_sysbios_rom_ROM_xdc_runtime_System_SupportProxy_abort__E 
*          0    00001328    00000004     
                  00001328    00000004     app_ble_uartlog_pem3.oem3 (.const:ti_sysbios_rom_ROM_xdc_runtime_System_SupportProxy_abort__E)

.const:ti_sysbios_rom_ROM_xdc_runtime_System_SupportProxy_exit__E 
*          0    0000132c    00000004     
                  0000132c    00000004     app_ble_uartlog_pem3.oem3 (.const:ti_sysbios_rom_ROM_xdc_runtime_System_SupportProxy_exit__E)

.text.2    0    00001330    0000e514     
                  00001330    000005c0     cc2640_ll_pxxx.a : ll.o (.text)
                  000018f0    00000574     peripheral.obj (.text:gapRole_taskFxn$16)
                  00001e64    0000033c     RFCC26XX_singleMode.obj (.text:fsmActiveState$6)
                  000021a0    0000033c     rom_sysbios.aem3 : rom_sysbios.obj (.text:xdc_runtime_System_doPrint__I)
                  000024dc    00000314     drivers_cc26x0r2.aem3 : PowerCC26XX_calibrateRCOSC.oem3 (.text:PowerCC26XX_auxISR)
                  000027f0    00000300     cc2640_ll_pxxx.a : ll_scheduler.o (.text)
                  00002af0    000002e4                      : ll.o (.text)
                  00002dd4    000002bc     project_zero_cc2640r2lp_stack_library.lib : icall_startup.obj (.text:startup_entry)
                  00003090    00000288     peripheral.obj (.text:GAPRole_SetParameter)
                  00003318    00000258     drivers_cc26x0r2.aem3 : CryptoCC26XX.oem3 (.text:cryptoTransactionExecute)
                  00003570    00000252     main.obj (.text:AssertHandler)
                  000037c2    00000002     ble_user_config.obj (.text:DefaultAssertCback)
                  000037c4    00000244     drivers_cc26x0r2.aem3 : PowerCC26XX.oem3 (.text:Power_sleep)
                  00003a08    00000240     data_service.obj (.text:DATA_SERVICE_WriteAttrCB$1)
                  00003c48    0000022c     project_zero_cc2640r2lp_stack_library.lib : gapbondmgr.obj (.text:GAPBondMgr_SetParameter)
                  00003e74    00000220     RFCC26XX_singleMode.obj (.text:RF_open)
                  00004094    00000220     cc2640_ll_pxxx.a : ll_isr.o (.text)
                  000042b4    00000214     data_service.obj (.text:DataService_SetParameter)
                  000044c8    00000214     cc2640_ll_pxxx.a : ll_common.o (.text)
                  000046dc    00000210     driverlib.lib : sys_ctrl.obj (.text:NOROM_SysCtrlSetRechargeBeforePowerDown)
                  000048ec    00000204     button_service.obj (.text:ButtonService_SetParameter)
                  00004af0    00000204     cc26xx_profiles_pxxx.a : gattservapp.o (.text)
                  00004cf4    00000204     cc26xx_sm_pxxx.a : sm_pairing.o (.text)
                  00004ef8    000001f4     rtsv7M3_T_le_eabi.lib : ull_div_t2.obj (.text)
                  000050ec    000001f0     led_service.obj (.text:LED_Service_WriteAttrCB$2)
                  000052dc    000001e4     project_zero_cc2640r2lp_stack_library.lib : gapbondmgr.obj (.text:GAPBondMgr_ProcessGAPMsg)
                  000054c0    000001dc     RFCC26XX_singleMode.obj (.text:fsmSetupState$6)
                  0000569c    000001dc     project_zero_bds.obj (.text:user_processGapStateChangeEvt$3)
                  00005878    000001d0     project_zero_cc2640r2lp_stack_library.lib : gapbondmgr.obj (.text:gapBondMgrAddBond$26)
                  00005a48    000001c4     cc2640_ll_pxxx.a : ll_isr.o (.text)
                  00005c0c    000001c0     project_zero_cc2640r2lp_stack_library.lib : osal.obj (.text:osal_start_system)
                  00005dcc    000001bc     drivers_cc26x0r2.aem3 : PINCC26XX.oem3 (.text:PIN_init)
                  00005f88    000001bc     RFCC26XX_singleMode.obj (.text:hwiFxnCpe0Active$6)
                  00006144    000001a8     cc2640_ll_pxxx.a : ll_isr.o (.text)
                  000062ec    00000194     ECCROMCC26XX.obj (.text:ECCROMCC26XX_genDHKey)
                  00006480    00000190     drivers_cc26x0r2.aem3 : PowerCC26XX_calibrateRCOSC.oem3 (.text:PowerCC26XX_doCalibrate)
                  00006610    00000190     project_zero_cc2640r2lp_stack_library.lib : gapbondmgr.obj (.text:gapBondMgrAuthenticate$26)
                  000067a0    00000190     icall.obj (.text:icall_directAPI)
                  00006930    00000190     UartLog.obj (.text:uartLog_flush)
                  00006ac0    0000016c     cc2640_ll_pxxx.a : ll.o (.text)
                  00006c2c    00000160     button_service.obj (.text:Button_Service_ReadAttrCB$0)
                  00006d8c    0000015c     data_service.obj (.text:DATA_SERVICE_ReadAttrCB$1)
                  00006ee8    0000015c     led_service.obj (.text:LED_Service_ReadAttrCB$2)
                  00007044    0000015c     drivers_cc26x0r2.aem3 : UARTCC26XX.oem3 (.text:UARTCC26XX_open)
                  000071a0    00000150     project_zero_cc2640r2lp_stack_library.lib : gapbondmgr.obj (.text:GAPBondMgr_ProcessEvent)
                  000072f0    0000013c     led_service.obj (.text:LedService_SetParameter)
                  0000742c    0000012c     drivers_cc26x0r2.aem3 : PowerCC26XX.oem3 (.text:Power_init)
                  00007558    00000128     ECCROMCC26XX.obj (.text:ECCROMCC26XX_genKeys)
                  00007680    00000128     cc2640_ll_pxxx.a : ll_scheduler.o (.text)
                  000077a8    00000128     project_zero_cc2640r2lp_stack_library.lib : gapbondmgr.obj (.text:gapBondMgrEraseBonding$26)
                  000078d0    00000124     peripheral.obj (.text:GAPRole_GetParameter)
                  000079f4    0000011c     drivers_cc26x0r2.aem3 : UARTCC26XX.oem3 (.text:UARTCC26XX_read)
                  00007b10    0000011c     project_zero_cc2640r2lp_stack_library.lib : osal_snv_wrapper.obj (.text:compactPage$24)
                  00007c2c    00000112     drivers_cc26x0r2.aem3 : UARTCC26XX.oem3 (.text:UARTCC26XX_hwiIntFxn)
                  00007d3e    00000112     cc26xx_gatt_pxxx.a : gatt_server.o (.text)
                  00007e50    00000100     RFCC26XX_singleMode.obj (.text:radioOpDoneCb$6)
                  00007f50    00000100     project_zero_bds.obj (.text:user_generic_clockSwiHandler$3)
                  00008050    000000fc     RFCC26XX_singleMode.obj (.text:RF_postCmd)
                  0000814c    000000fc     drivers_cc26x0r2.aem3 : UARTCC26XX.oem3 (.text:UARTCC26XX_write)
                  00008248    000000fc     rtsv7M3_T_le_eabi.lib : fd_mul_t2.obj (.text)
                  00008344    000000f8     project_zero_cc2640r2lp_stack_library.lib : osal_snv_wrapper.obj (.text:osal_snv_write)
                  0000843c    000000f8     app_ble_uartlog_pem3.oem3 (.text:xdc_runtime_System_printfExtend__I)
                  00008534    000000ec     project_zero_cc2640r2lp_stack_library.lib : gapbondmgr.obj (.text:GAPBondMgr_LinkEst)
                  00008620    000000ec     RFCC26XX_singleMode.obj (.text:RF_pendCmd)
                  0000870c    000000ec     cc26xx_profiles_pxxx.a : gattservapp.o (.text)
                  000087f8    000000ec     RFCC26XX_singleMode.obj (.text:fsmPowerUpState$6)
                  000088e4    000000e8     dpl_cc26x0r2.aem3 : PowerCC26XX_tirtos.oem3 (.text:PowerCC26XX_standbyPolicy)
                  000089cc    000000e8     project_zero_cc2640r2lp_stack_library.lib : osal_timers.obj (.text:osalTimerUpdate)
                  00008ab4    000000e4     cc26xx_sm_pxxx.a : sm_pairing.o (.text)
                  00008b98    000000e4     project_zero_bds.obj (.text:user_gapBondMgr_pairStateCB$3)
                  00008c7c    000000dc     drivers_cc26x0r2.aem3 : PINCC26XX.oem3 (.text:PINCC26XX_setIoCfg)
                  00008d58    000000dc     project_zero_bds.obj (.text:ProjectZero_freeAttRsp$3)
                  00008e34    000000d4     drivers_cc26x0r2.aem3 : CryptoCC26XX.oem3 (.text:CryptoCC26XX_open)
                  00008f08    000000c4     cc26xx_sm_pxxx.a : sm_pairing.o (.text)
                  00008fcc    000000c4     main.obj (.text:main)
                  00009090    000000c0     project_zero_cc2640r2lp_stack_library.lib : osal.obj (.text:osal_set_event)
                  00009150    000000bc     drivers_cc26x0r2.aem3 : PowerCC26XX.oem3 (.text:Power_releaseDependency)
                  0000920c    000000b8     button_service.obj (.text:Button_Service_WriteAttrCB$0)
                  000092c4    000000b8     driverlib.lib : setup.obj (.text:NOROM_SetupTrimDevice)
                  0000937c    000000b8     cc2640_ll_pxxx.a : ll_scheduler.o (.text)
                  00009434    000000b4     drivers_cc26x0r2.aem3 : PowerCC26XX.oem3 (.text:Power_setDependency)
                  000094e8    000000b4     devinfoservice.obj (.text:devInfo_ReadAttrCB$13)
                  0000959c    000000b0     TRNGCC26XX.obj (.text:TRNGCC26XX_getNumber)
                  0000964c    000000b0     drivers_cc26x0r2.aem3 : UARTCC26XX.oem3 (.text:UARTCC26XX_initHw)
                  000096fc    000000b0     RFCC26XX_singleMode.obj (.text:abortCmd$6)
                  000097ac    000000ac     gattservapp_util.obj (.text:GATTServApp_ProcessCharCfg)
                  00009858    000000a8     RFCC26XX_singleMode.obj (.text:swiFxnHw$6)
                  00009900    000000a7     project_zero_bds.obj (.text:user_service_ValueChangeCB$3)
                  000099a7    00000001     --HOLE-- [fill = 0]
                  000099a8    000000a4     project_zero_cc2640r2lp_stack_library.lib : gapbondmgr.obj (.text:GAPBondMgr_ResolveAddr)
                  00009a4c    000000a4     UartLog.obj (.text:UartLog_log)
                  00009af0    000000a4     project_zero_cc2640r2lp_stack_library.lib : osal.obj (.text:osal_msg_enqueue_push$33)
                  00009b94    000000a4     drivers_cc26x0r2.aem3 : PowerCC26XX.oem3 (.text:switchXOSCHFclockFunc)
                  00009c38    000000a0     auto_init.aem3 : auto_init.oem3 (.text)
                  00009cd8    000000a0     RFCC26XX_singleMode.obj (.text:discardPendCmd$6)
                  00009d78    0000009e     project_zero_cc2640r2lp_stack_library.lib : gapbondmgr.obj (.text:gapBondMgrUpdateCharCfg$26)
                  00009e16    00000002                                               : onboard.obj (.text:Onboard_soft_reset)
                  00009e18    0000009e     rom_sysbios.aem3 : rom_sysbios.obj (.text:xdc_runtime_Text_putSite__E)
                  00009eb6    00000002     project_zero_cc2640r2lp_stack_library.lib : sm_ecc.obj (.text:SM_dhKeyCB)
                  00009eb8    0000009c                                               : osal_cbtimer.obj (.text:cbTimerSetup$35)
                  00009f54    0000009c     rtsv7M3_T_le_eabi.lib : memcpy_t2.obj (.text)
                  00009ff0    00000098     drivers_cc26x0r2.aem3 : PINCC26XX.oem3 (.text:PIN_open)
                  0000a088    00000098                           : UARTCC26XX.oem3 (.text:UARTCC26XX_initIO)
                  0000a120    00000098     rom_sysbios.aem3 : rom_sysbios.obj (.text:ti_sysbios_knl_Clock_workFuncDynamic__E)
                  0000a1b8    00000098                      : rom_sysbios.obj (.text:xdc_runtime_Text_putMod__E)
                  0000a250    00000096     project_zero_bds.obj (.text:user_service_CfgChangeCB$3)
                  0000a2e6    00000002     project_zero_cc2640r2lp_stack_library.lib : sm_ecc.obj (.text:SM_p256KeyCB)
                  0000a2e8    00000094     icall.obj (.text:ICall_setTimer)
                  0000a37c    00000094     project_zero_cc2640r2lp_stack_library.lib : osal_cbtimer.obj (.text:osal_CbTimerProcessEvent)
                  0000a410    00000094                                               : osal.obj (.text:osal_msg_receive)
                  0000a4a4    00000094                                               : osal_timers.obj (.text:osal_timer_refTimeUpdate)
                  0000a538    00000090     driverlib.lib : crypto.obj (.text:NOROM_CRYPTOAesLoadKey)
                  0000a5c8    00000090                   : setup.obj (.text:TrimAfterColdResetWakeupFromShutDown$22)
                  0000a658    00000090     cc2640_hci_tl_none.a : hci_tl.o (.text)
                  0000a6e8    00000090     cc2640_ll_pxxx.a : ll_enc.o (.text)
                  0000a778    0000008c     icall.obj (.text:ICall_heapMalloc)
                  0000a804    0000008c     drivers_cc26x0r2.aem3 : UARTCC26XX.oem3 (.text:UARTCC26XX_close)
                  0000a890    0000008c                           : UARTCC26XX.oem3 (.text:UARTCC26XX_writeCancel)
                  0000a91c    0000008c     gattservapp_util.obj (.text:gattServApp_SendNotiInd$15)
                  0000a9a8    0000008c     RFCC26XX_singleMode.obj (.text:ratFreeChannel$6)
                  0000aa34    0000008c     drivers_cc26x0r2.aem3 : UARTCC26XX.oem3 (.text:writeFinishedDoCallback)
                  0000aac0    00000088                           : CryptoCC26XX.oem3 (.text:CryptoCC26XX_allocateKey)
                  0000ab48    00000088     cc2640_ll_pxxx.a : ll.o (.text)
                  0000abd0    00000088     cc26xx_profiles_pxxx.a : gapgattserver.o (.text)
                  0000ac58    00000088     peripheral.obj (.text:gapRole_startConnUpdate$16)
                  0000ace0    00000088     RFCC26XX_singleMode.obj (.text:hwiFxnHw$6)
                  0000ad68    00000086     cc2640_ll_pxxx.a : ll_common.o (.text)
                  0000adee    00000002     RFCC26XX_singleMode.obj (.text:defaultCallback$6)
                  0000adf0    00000080     project_zero_bds.obj (.text:pinHwiFxn$3)
                  0000ae70    0000007c     cc2640_hci_pxxx.a : hci_event.o (.text)
                  0000aeec    0000007c     cc2640_ll_pxxx.a : ll_scheduler.o (.text)
                  0000af68    0000007c     cc26xx_gap_pxxx.a : gap_linkmgr.o (.text)
                  0000afe4    0000007c     project_zero_cc2640r2lp_stack_library.lib : osal.obj (.text:osal_event_send$33)
                  0000b060    0000007c     RFCC26XX_singleMode.obj (.text:rfReleaseConstraint)
                  0000b0dc    0000007b     project_zero_bds.obj (.text:user_gapStateChangeCB$3)
                  0000b157    00000001     --HOLE-- [fill = 0]
                  0000b158    0000007a     rtsv7M3_T_le_eabi.lib : memset_t2.obj (.text)
                  0000b1d2    00000002     drivers_cc26x0r2.aem3 : PowerCC26XX.oem3 (.text:emptyClockFunc)
                  0000b1d4    00000078     project_zero_cc2640r2lp_stack_library.lib : gapbondmgr.obj (.text:GAPBondMgr_syncResolvingList)
                  0000b24c    00000078     cc26xx_profiles_pxxx.a : gattservapp.o (.text)
                  0000b2c4    00000078     drivers_cc26x0r2.aem3 : UARTCC26XX.oem3 (.text:writeTxFifoFlush)
                  0000b33c    00000074     cc2640_ll_pxxx.a : ll_common.o (.text)
                  0000b3b0    00000074     project_zero_cc2640r2lp_stack_library.lib : gapbondmgr.obj (.text:gapBondMgrBondReq$26)
                  0000b424    00000074     rom_sysbios.aem3 : rom_sysbios.obj (.text:ti_sysbios_family_arm_cc26xx_Timer_start__E)
                  0000b498    00000070     icall.obj (.text:ICall_heapGetStats)
                  0000b508    00000070     icall.obj (.text:ICall_heapInit)
                  0000b578    00000070     driverlib.lib : sys_ctrl.obj (.text:NOROM_SysCtrlAdjustRechargeAfterPowerDown)
                  0000b5e8    00000070     project_zero_cc2640r2lp_stack_library.lib : ble_dispatch_lite.obj (.text:ble_dispatch_liteProcess)
                  0000b658    00000070     drivers_cc26x0r2.aem3 : PowerCC26XX.oem3 (.text:lfClockReadyCallback)
                  0000b6c8    00000070     project_zero_cc2640r2lp_stack_library.lib : osal_snv_wrapper.obj (.text:writeWord$24)
                  0000b738    0000006d     rom_sysbios.aem3 : rom_sysbios.obj (.text:xdc_runtime_System_formatNum__I)
                  0000b7a5    00000001     --HOLE-- [fill = 0]
                  0000b7a6    00000002     project_zero_cc2640r2lp_stack_library.lib : hal_assert.obj (.text:halAssertHandler)
                  0000b7a8    0000006c     icall.obj (.text:ICall_sendServiceComplete)
                  0000b814    0000006c     driverlib.lib : osc.obj (.text:NOROM_OSCHF_AttemptToSwitchToXosc)
                  0000b880    0000006c     drivers_cc26x0r2.aem3 : PowerCC26XX_calibrateRCOSC.oem3 (.text:PowerCC26XX_initiateCalibration)
                  0000b8ec    0000006c     project_zero_bds.obj (.text:buttonDebounceSwiFxn$3)
                  0000b958    0000006c     cc2640_ll_pxxx.a : ll_scheduler.o (.text)
                  0000b9c4    0000006c     drivers_cc26x0r2.aem3 : PowerCC26XX.oem3 (.text:configureXOSCHF)
                  0000ba30    0000006c     RFCC26XX_singleMode.obj (.text:ratDispatchTime$6)
                  0000ba9c    00000068     driverlib.lib : sys_ctrl.obj (.text:NOROM_SysCtrl_DCDC_VoltageConditionalControl)
                  0000bb04    00000068     drivers_cc26x0r2.aem3 : UARTCC26XX.oem3 (.text:UARTCC26XX_readCancel)
                  0000bb6c    00000068     project_zero_bds.obj (.text:Util_convertArrayToHexString$3)
                  0000bbd4    00000068     rtsv7M3_T_le_eabi.lib : copy_decompress_lzss.obj (.text:decompress:lzss)
                  0000bc3c    00000068     project_zero_cc2640r2lp_stack_library.lib : osal_cbtimer.obj (.text:osal_CbTimerUpdate)
                  0000bca4    00000064     icall.obj (.text:ICall_send)
                  0000bd08    00000064     cc26xx_profiles_pxxx.a : gattservapp.o (.text)
                  0000bd6c    00000060     gattservapp_util.obj (.text:GATTServApp_ProcessCCCWriteReq)
                  0000bdcc    00000060     icall.obj (.text:ICall_createRemoteTasksAtRuntime)
                  0000be2c    00000060     icall.obj (.text:ICall_enrollService)
                  0000be8c    00000060     RFCC26XX_singleMode.obj (.text:fsmXOSCState$6)
                  0000beec    0000005e     icall.obj (.text:ICall_fetchMsg)
                  0000bf4a    00000002     project_zero_cc2640r2lp_stack_library.lib : hal_assert.obj (.text:halAssertSpinlock)
                  0000bf4c    0000005c     icall.obj (.text:ICall_pwrUpdActivityCounter)
                  0000bfa8    0000005c     drivers_cc26x0r2.aem3 : PowerCC26XX_calibrateRCOSC.oem3 (.text:PowerCC26XX_RCOSC_clockFunc)
                  0000c004    0000005c                           : PowerCC26XX.oem3 (.text:PowerCC26XX_calibrate)
                  0000c060    0000005c     cc26xx_profiles_pxxx.a : gattservapp.o (.text)
                  0000c0bc    0000005c     app_ble_uartlog_pem3.oem3 (.text:xdc_runtime_Startup_getState__I)
                  0000c118    0000005b     rom_sysbios.aem3 : rom_sysbios.obj (.text:xdc_runtime_Text_putLab__E)
                  0000c173    00000001     --HOLE-- [fill = 0]
                  0000c174    0000005a     RFCC26XX_singleMode.obj (.text:syncCb$6)
                  0000c1ce    00000002     icall_api_lite.obj (.text:rfErrCb)
                  0000c1d0    00000058     button_service.obj (.text:Button_Service_findCharParamId$0)
                  0000c228    00000058     data_service.obj (.text:DATA_SERVICE_findCharParamId$1)
                  0000c280    00000058     icall.obj (.text:ICall_wait)
                  0000c2d8    00000058     led_service.obj (.text:LED_Service_findCharParamId$2)
                  0000c330    00000058     drivers_cc26x0r2.aem3 : PINCC26XX.oem3 (.text:PIN_remove)
                  0000c388    00000058     RFCC26XX_singleMode.obj (.text:RF_getCurrentTime)
                  0000c3e0    00000058     drivers_cc26x0r2.aem3 : UARTCC26XX.oem3 (.text:UARTCC26XX_control)
                  0000c438    00000058     RFCC26XX_singleMode.obj (.text:dispatchNextEvent$6)
                  0000c490    00000058     project_zero_cc2640r2lp_stack_library.lib : osal_snv_wrapper.obj (.text:findItem$24)
                  0000c4e8    00000058                                               : gapbondmgr.obj (.text:gapBondMgrReadBonds$26)
                  0000c540    00000058                                               : osal_cbtimer.obj (.text:osal_CbTimerStop)
                  0000c598    00000058     project_zero_bds.obj (.text:user_enqueueCharDataMsg$3)
                  0000c5f0    00000054     RFCC26XX_singleMode.obj (.text:cmdDispatchTime$6)
                  0000c644    00000054     rtsv7M3_T_le_eabi.lib : exit.obj (.text)
                  0000c698    00000050     ECCROMCC26XX.obj (.text:ECCROMCC26XX_Params_init)
                  0000c6e8    00000050     project_zero_cc2640r2lp_stack_library.lib : gapbondmgr.obj (.text:GAPBondMgr_LinkTerm)
                  0000c738    00000050     icall.obj (.text:ICall_registerApp)
                  0000c788    00000050     project_zero_cc2640r2lp_stack_library.lib : npi.obj (.text:NPI_WriteTransport)
                  0000c7d8    00000050     RFCC26XX_singleMode.obj (.text:RF_getInfo)
                  0000c828    00000050     util.obj (.text:Util_convertBdAddr2Str)
                  0000c878    00000050     cc26xx_profiles_pxxx.a : gattservapp.o (.text)
                  0000c8c8    00000050     drivers_cc26x0r2.aem3 : UARTCC26XX.oem3 (.text:startTxFifoEmptyClk)
                  0000c918    0000004c     icall.obj (.text:ICall_newTask$8)
                  0000c964    0000004c     RFCC26XX_singleMode.obj (.text:RF_wakeupNotifyFxn$6)
                  0000c9b0    0000004c     project_zero_cc2640r2lp_stack_library.lib : gapbondmgr.obj (.text:gapBondMgrUpdateLruBondList$26)
                  0000c9fc    0000004c                                               : osal_bufmgr.obj (.text:osal_bm_free)
                  0000ca48    0000004c     rtsv7M3_T_le_eabi.lib : cpy_tbl.obj (.text)
                  0000ca94    00000048     dpl_cc26x0r2.aem3 : ClockP_tirtos.oem3 (.text:ClockP_construct)
                  0000cadc    00000048     ECCROMCC26XX.obj (.text:ECC_initGlobals$5)
                  0000cb24    00000048     drivers_cc26x0r2.aem3 : PINCC26XX.oem3 (.text:PIN_setOutputEnable)
                  0000cb6c    00000048     RFCC26XX_singleMode.obj (.text:Q_push$6)
                  0000cbb4    00000048     project_zero_cc2640r2lp_stack_library.lib : osal_timers.obj (.text:osalAddTimer)
                  0000cbfc    00000048     rtsv7M3_T_le_eabi.lib : fd_toi_t2.obj (.text)
                  0000cc44    00000048     rom_sysbios.aem3 : rom_sysbios.obj (.text:ti_sysbios_family_arm_cc26xx_Timer_setThreshold__I)
                  0000cc8c    00000044     drivers_cc26x0r2.aem3 : CryptoCC26XX.oem3 (.text:CryptoCC26XX_loadKey)
                  0000ccd0    00000044     driverlib.lib : osc.obj (.text:NOROM_OSCHF_SwitchToRcOscTurnOffXosc)
                  0000cd14    00000044     drivers_cc26x0r2.aem3 : RingBuf.oem3 (.text:RingBuf_put)
                  0000cd58    00000044     boot.aem3 : boot.oem3 (.text)
                  0000cd9c    00000044     cc2640_ll_pxxx.a : ll_scheduler.o (.text)
                  0000cde0    00000044     cc26xx_profiles_pxxx.a : gattservapp.o (.text)
                  0000ce24    00000044     project_zero_cc2640r2lp_stack_library.lib : osal_snv_wrapper.obj (.text:erasePage$24)
                  0000ce68    00000044     drivers_cc26x0r2.aem3 : PowerCC26XX.oem3 (.text:notify)
                  0000ceac    00000044     project_zero_cc2640r2lp_stack_library.lib : osal_timers.obj (.text:osal_start_timerEx)
                  0000cef0    00000044     project_zero_bds.obj (.text:user_enqueueRawAppMsg$3)
                  0000cf34    00000044     rom_sysbios.aem3 : rom_sysbios.obj (.text:xdc_runtime_Text_xprintf__I)
                  0000cf78    00000042     project_zero_cc2640r2lp_stack_library.lib : gapbondmgr.obj (.text:GAPBondMgr_UpdateCharCfg)
                  0000cfba    00000042                                               : gap.obj (.text:GAP_DeviceInit)
                  0000cffc    00000040     ECCROMCC26XX.obj (.text:ECCROMCC26XX_init)
                  0000d03c    00000040     peripheral.obj (.text:GAPRole_createTask)
                  0000d07c    00000040     drivers_cc26x0r2.aem3 : PINCC26XX.oem3 (.text:PIN_swi)
                  0000d0bc    00000040                           : PowerCC26XX.oem3 (.text:PowerCC26XX_isStableXOSC_HF)
                  0000d0fc    00000040     project_zero_bds.obj (.text:ProjectZero_createTask)
                  0000d13c    00000040     drivers_cc26x0r2.aem3 : UART.oem3 (.text:UART_init)
                  0000d17c    00000040                           : UART.oem3 (.text:UART_open)
                  0000d1bc    00000040     cc26xx_profiles_pxxx.a : gattservapp.o (.text)
                  0000d1fc    00000040                            : gattservapp.o (.text)
                  0000d23c    00000040     rtsv7M3_T_le_eabi.lib : u_divt2.obj (.text)
                  0000d27c    00000040     rom_sysbios.aem3 : rom_sysbios.obj (.text:ti_sysbios_heaps_HeapCallback_Module_startup__E)
                  0000d2bc    0000003e     dpl_cc26x0r2.aem3 : HwiP_tirtos.oem3 (.text:HwiP_construct)
                  0000d2fa    0000003e     drivers_cc26x0r2.aem3 : RingBuf.oem3 (.text:RingBuf_get)
                  0000d338    0000003c     driverlib.lib : osc.obj (.text:NOROM_OSC_HPOSCRelativeFrequencyOffsetGet)
                  0000d374    0000003c     dpl_cc26x0r2.aem3 : SwiP_tirtos.oem3 (.text:SwiP_construct)
                  0000d3b0    0000003c     cc2640_hci_tl_none.a : hci_tl.o (.text)
                  0000d3ec    0000003c     cc2640_ll_pxxx.a : ll_scheduler.o (.text)
                  0000d428    0000003c     cc26xx_profiles_pxxx.a : gattservapp.o (.text)
                  0000d464    0000003c                            : gattservapp.o (.text)
                  0000d4a0    0000003c     drivers_cc26x0r2.aem3 : PowerCC26XX.oem3 (.text:disableLfClkQualifiersEnableClkLoss)
                  0000d4dc    0000003c     project_zero_cc2640r2lp_stack_library.lib : osal_bufmgr.obj (.text:osal_bm_alloc)
                  0000d518    0000003c                                               : osal_timers.obj (.text:osal_start_reload_timer)
                  0000d554    0000003c     rom_sysbios.aem3 : rom_sysbios.obj (.text:ti_sysbios_family_arm_m3_Hwi_construct2__E)
                  0000d590    00000038     drivers_cc26x0r2.aem3 : PINCC26XX.oem3 (.text:PIN_setOutputValue)
                  0000d5c8    00000038                           : UARTCC26XX.oem3 (.text:UARTCC26XX_swiIntFxn)
                  0000d600    00000038     util.obj (.text:Util_restartClock)
                  0000d638    00000038     cc2640_ll_pxxx.a : ll_scheduler.o (.text)
                  0000d670    00000038                      : ll_scheduler.o (.text)
                  0000d6a8    00000038     cc26xx_l2cap_pxxx.a : l2cap_util.o (.text)
                  0000d6e0    00000038     project_zero_cc2640r2lp_stack_library.lib : osal_snv_wrapper.obj (.text:disableCache$24)
                  0000d718    00000038                                               : osal.obj (.text:osal_alien2proxy)
                  0000d750    00000038                                               : osal.obj (.text:osal_msec_timer_cback$33)
                  0000d788    00000038                                               : osal_timers.obj (.text:osal_stop_timerEx)
                  0000d7c0    00000038     rom_sysbios.aem3 : rom_sysbios.obj (.text:ti_sysbios_family_arm_cc26xx_Timer_getCurrentTick__E)
                  0000d7f8    00000036     RFCC26XX_singleMode.obj (.text:calculateDispatchTime$6)
                  0000d82e    00000002     rtsv7M3_T_le_eabi.lib : i_div0.obj (.text)
                  0000d830    00000034     gattservapp_util.obj (.text:GATTServApp_InitCharCfg)
                  0000d864    00000034     icall.obj (.text:ICall_heapFree)
                  0000d898    00000034     icall.obj (.text:ICall_searchServiceEntity)
                  0000d8cc    00000034     drivers_cc26x0r2.aem3 : PINCC26XX.oem3 (.text:PIN_setConfig)
                  0000d900    00000034                           : PowerCC26XX.oem3 (.text:Power_releaseConstraint)
                  0000d934    00000034     util.obj (.text:Util_constructClock)
                  0000d968    00000034     cc2640_ll_pxxx.a : ll_isr.o (.text)
                  0000d99c    00000034                      : ll_scheduler.o (.text)
                  0000d9d0    00000034     project_zero_cc2640r2lp_stack_library.lib : osal.obj (.text:osal_clear_event)
                  0000da04    00000034     RFCC26XX_singleMode.obj (.text:runDirectImmediateCmd$6)
                  0000da38    00000034     rom_sysbios.aem3 : rom_sysbios.obj (.text:ti_sysbios_family_arm_cc26xx_Timer_initDevice__I)
                  0000da6c    00000032     icall.obj (.text:ICall_fetchServiceMsg)
                  0000da9e    00000032     rom_sysbios.aem3 : rom_sysbios.obj (.text:ti_sysbios_family_arm_cc26xx_Timer_setNextTick__E)
                  0000dad0    00000030     project_zero_cc2640r2lp_stack_library.lib : gapbondmgr.obj (.text:GAPBondMgr_PasscodeRsp)
                  0000db00    00000030     peripheral.obj (.text:GAPRole_TerminateConnection)
                  0000db30    00000030     project_zero_cc2640r2lp_stack_library.lib : hal_flash_wrapper.obj (.text:HalFlashRead)
                  0000db60    00000030     icall.obj (.text:ICall_dispatch$8)
                  0000db90    00000030     icall.obj (.text:ICall_msecs2Ticks$8)
                  0000dbc0    00000030     icall.obj (.text:ICall_primEntityId2ServiceId$8)
                  0000dbf0    00000030     icall.obj (.text:ICall_searchTask$8)
                  0000dc20    00000030     drivers_cc26x0r2.aem3 : PowerCC26XX.oem3 (.text:Power_setConstraint)
                  0000dc50    00000030     RFCC26XX_singleMode.obj (.text:RF_runCmd)
                  0000dc80    00000030     cc26xx_gap_pxxx.a : gap_configmgr.o (.text)
                  0000dcb0    00000030     cc26xx_profiles_pxxx.a : gattservapp.o (.text)
                  0000dce0    00000030     project_zero_cc2640r2lp_stack_library.lib : gapbondmgr.obj (.text:gapBondMgr_SyncWhiteList$26)
                  0000dd10    00000030     RFCC26XX_singleMode.obj (.text:getCmd$6)
                  0000dd40    00000030     project_zero_cc2640r2lp_stack_library.lib : osal_timers.obj (.text:osal_get_timeoutEx)
                  0000dd70    00000030     app_ble_uartlog_pem3.oem3 (.text:ti_sysbios_BIOS_atExitFunc__I)
                  0000dda0    00000030     app_ble_uartlog_pem3.oem3 (.text:ti_sysbios_BIOS_startFunc__I)
                  0000ddd0    00000030     app_ble_uartlog_pem3.oem3 (.text:ti_sysbios_heaps_HeapCallback_Object__create__S)
                  0000de00    0000002f     rom_sysbios.aem3 : rom_sysbios.obj (.text:xdc_runtime_Text_printVisFxn__I)
                  0000de2f    00000001     --HOLE-- [fill = 0]
                  0000de30    0000002e     icall_cc2650.obj (.text:ICallPlatform_pwrDispenseImpl$9)
                  0000de5e    0000002e     icall_cc2650.obj (.text:ICallPlatform_pwrRequireImpl$9)
                  0000de8c    0000002e     cc26xx_profiles_pxxx.a : gattservapp.o (.text)
                  0000deba    0000002e     drivers_cc26x0r2.aem3 : CryptoCC26XX.oem3 (.text:cryptoTransactionPend)
                  0000dee8    0000002e     project_zero_cc2640r2lp_stack_library.lib : osal.obj (.text:osal_build_uint32)
                  0000df16    0000002e     drivers_cc26x0r2.aem3 : UARTCC26XX.oem3 (.text:readData)
                  0000df44    0000002e                           : UARTCC26XX.oem3 (.text:writeData)
                  0000df72    00000002     app_ble_uartlog_pem3.oem3 (.text:ti_sysbios_BIOS_nullFunc__I)
                  0000df74    0000002c     icall.obj (.text:ICall_getLocalMsgEntityId)
                  0000dfa0    0000002c     icall.obj (.text:ICall_msgEnqueue$8)
                  0000dfcc    0000002c     driverlib.lib : chipinfo.obj (.text:NOROM_ChipInfo_GetChipFamily)
                  0000dff8    0000002c     drivers_cc26x0r2.aem3 : PINCC26XX.oem3 (.text:PINCC26XX_setMux)
                  0000e024    0000002c     dpl_cc26x0r2.aem3 : SemaphoreP_tirtos.oem3 (.text:SemaphoreP_constructBinary)
                  0000e050    0000002c     project_zero_cc2640r2lp_stack_library.lib : ble_dispatch_lite.obj (.text:bleDispatch_BMAlloc)
                  0000e07c    0000002c     RFCC26XX_singleMode.obj (.text:calculateDeltaTimeUs$6)
                  0000e0a8    0000002c     cc26xx_profiles_pxxx.a : gattservapp.o (.text)
                  0000e0d4    0000002c     cc26xx_sm_pxxx.a : sm_pairing.o (.text)
                  0000e100    0000002c     RFCC26XX_singleMode.obj (.text:executeDirectImmediateCmd$6)
                  0000e12c    0000002c     project_zero_cc2640r2lp_stack_library.lib : osal_snv_wrapper.obj (.text:findOffset$24)
                  0000e158    0000002c                                               : gapbondmgr.obj (.text:gapBondMgrFindAddr$26)
                  0000e184    0000002c     rom_sysbios.aem3 : rom_sysbios.obj (.text:ti_sysbios_knl_Clock_getTicksUntilInterrupt__E)
                  0000e1b0    0000002a                      : rom_sysbios.obj (.text:ti_sysbios_knl_Clock_getTimeout__E)
                  0000e1da    0000002a                      : rom_sysbios.obj (.text:xdc_runtime_System_putchar__I)
                  0000e204    00000028     driverlib.lib : rfc.obj (.text:NOROM_RFCDoorbellSendTo)
                  0000e22c    00000028     drivers_cc26x0r2.aem3 : PowerCC26XX.oem3 (.text:Power_registerNotify)
                  0000e254    00000028     driverlib.lib : adi.obj (.text:SafeHapiVoid)
                  0000e27c    00000028     TRNGCC26XX.obj (.text:TRNGCC26XX_init)
                  0000e2a4    00000028     project_zero_cc2640r2lp_stack_library.lib : gapbondmgr.obj (.text:gapBondMgrBondTotal$26)
                  0000e2cc    00000028                                               : osal_bufmgr.obj (.text:osal_bm_adjust_header)
                  0000e2f4    00000028                                               : osal_timers.obj (.text:osal_next_timeout)
                  0000e31c    00000028                                               : osal_snv_wrapper.obj (.text:osal_snv_compact)
                  0000e344    00000028     drivers_cc26x0r2.aem3 : UARTCC26XX.oem3 (.text:readData2RingBuf)
                  0000e36c    00000026     project_zero_cc2640r2lp_stack_library.lib : gapbondmgr.obj (.text:gapBondMgrGetStateFlags$26)
                  0000e392    00000002     app_ble_uartlog_pem3.oem3 (.text:ti_sysbios_rom_cortexm_cc26xx_r2_CC26xx_badRomRevision__E)
                  0000e394    00000024     drivers_cc26x0r2.aem3 : CryptoCC26XX.oem3 (.text:CryptoCC26XX_hwiIntFxn)
                  0000e3b8    00000024     driverlib.lib : chipinfo.obj (.text:NOROM_ChipInfo_GetChipType)
                  0000e3dc    00000024                   : osc.obj (.text:NOROM_OSCHF_TurnOnXosc)
                  0000e400    00000024     project_zero_cc2640r2lp_stack_library.lib : osal_bufmgr.obj (.text:bm_desc_from_payload$34)
                  0000e424    00000024     cc26xx_profiles_pxxx.a : gapgattserver.o (.text)
                  0000e448    00000024     RFCC26XX_singleMode.obj (.text:hwiFxnCpe0PowerFsm$6)
                  0000e46c    00000024     project_zero_cc2640r2lp_stack_library.lib : osal.obj (.text:osal_msg_allocate)
                  0000e490    00000024                                               : osal.obj (.text:osal_proxy2alien$33)
                  0000e4b4    00000024                                               : osal.obj (.text:osal_service_entry)
                  0000e4d8    00000024     rtsv7M3_T_le_eabi.lib : memcmp.obj (.text)
                  0000e4fc    00000024     app_ble_uartlog_pem3.oem3 (.text:ti_sysbios_BIOS_registerRTSLock__I)
                  0000e520    00000024     app_ble_uartlog_pem3.oem3 (.text:ti_sysbios_BIOS_removeRTSLock__I)
                  0000e544    00000024     rom_sysbios.aem3 : rom_sysbios.obj (.text:ti_sysbios_family_arm_cc26xx_Timer_getMaxTicks__E)
                  0000e568    00000022     icall.obj (.text:ICall_setTimerMSecs)
                  0000e58a    00000022     drivers_cc26x0r2.aem3 : List.oem3 (.text:List_put)
                  0000e5ac    00000022     driverlib.lib : uart.obj (.text:NOROM_UARTConfigSetExpClk)
                  0000e5ce    00000022     cc26xx_profiles_pxxx.a : gattservapp.o (.text)
                  0000e5f0    00000020     project_zero_cc2640r2lp_stack_library.lib : hal_flash_wrapper.obj (.text:HalFlashGetAddress)
                  0000e610    00000020     driverlib.lib : uart.obj (.text:NOROM_UARTDisable)
                  0000e630    00000020     dpl_cc26x0r2.aem3 : PowerCC26XX_tirtos.oem3 (.text:PowerCC26XX_schedulerDisable)
                  0000e650    00000020                       : PowerCC26XX_tirtos.oem3 (.text:PowerCC26XX_schedulerRestore)
                  0000e670    00000020     drivers_cc26x0r2.aem3 : PowerCC26XX.oem3 (.text:Power_unregisterNotify)
                  0000e690    00000020     cc2640_ll_pxxx.a : ll_isr.o (.text)
                  0000e6b0    00000020     cc26xx_profiles_pxxx.a : gattservapp.o (.text)
                  0000e6d0    00000020     gattservapp_util.obj (.text:gattServApp_FindCharCfgItem$15)
                  0000e6f0    00000020     project_zero_cc2640r2lp_stack_library.lib : osal_timers.obj (.text:osalFindTimer)
                  0000e710    00000020                                               : osal.obj (.text:osal_memcmp)
                  0000e730    00000020                                               : osal.obj (.text:osal_msg_deallocate)
                  0000e750    00000020                                               : osal.obj (.text:osal_msg_send)
                  0000e770    00000020     rtsv7M3_T_le_eabi.lib : u_tofd_t2.obj (.text)
                  0000e790    00000020     app_ble_uartlog_pem3.oem3 (.text:ti_sysbios_BIOS_rtsLock__I)
                  0000e7b0    00000020     rom_sysbios.aem3 : rom_sysbios.obj (.text:ti_sysbios_family_arm_cc26xx_Timer_dynamicStub__E)
                  0000e7d0    00000020                      : rom_sysbios.obj (.text:xdc_runtime_Registry_findById__E)
                  0000e7f0    0000001e     drivers_cc26x0r2.aem3 : PINCC26XX.oem3 (.text:PIN_close)
                  0000e80e    0000001e                           : PowerCC26XX.oem3 (.text:Power_getTransitionLatency)
                  0000e82c    0000001e     project_zero_cc2640r2lp_stack_library.lib : gapbondmgr.obj (.text:gapBondMgrInvertCharCfgItem$26)
                  0000e84a    0000001e                                               : gapbondmgr.obj (.text:gapBondSetupPrivFlag$26)
                  0000e868    0000001e                                               : osal_snv_wrapper.obj (.text:osal_snv_read)
                  0000e886    0000001e     project_zero_bds.obj (.text:user_gapBondMgr_passcodeCB$3)
                  0000e8a4    0000001c     project_zero_cc2640r2lp_stack_library.lib : gapbondmgr.obj (.text:GAPBondMgr_Register)
                  0000e8c0    0000001c                                               : gapbondmgr.obj (.text:GAPBondMgr_SupportsEnhancedPriv)
                  0000e8dc    0000001c     icall.obj (.text:ICall_primRepostSync$8)
                  0000e8f8    0000001c     driverlib.lib : flash.obj (.text:NOROM_FlashProgram)
                  0000e914    0000001c                   : flash.obj (.text:NOROM_FlashSectorErase)
                  0000e930    0000001c     drivers_cc26x0r2.aem3 : PINCC26XX.oem3 (.text:PINCC26XX_setIoCfgMux)
                  0000e94c    0000001c                           : PINCC26XX.oem3 (.text:PIN_hwi)
                  0000e968    0000001c     RFCC26XX_singleMode.obj (.text:RF_getRssi)
                  0000e984    0000001c     TRNGCC26XX.obj (.text:TRNGCC26XX_open)
                  0000e9a0    0000001c     project_zero_cc2640r2lp_stack_library.lib : osal_snv_wrapper.obj (.text:enableCache$24)
                  0000e9bc    0000001c                                               : gapbondmgr.obj (.text:gapBondFreeAuthEvt$26)
                  0000e9d8    0000001c                                               : hal_assert.obj (.text:halAssertHandlerExt)
                  0000e9f4    0000001c     TRNGCC26XX.obj (.text:openTRNG)
                  0000ea10    0000001c     project_zero_cc2640r2lp_stack_library.lib : osal.obj (.text:osal_memdup)
                  0000ea2c    0000001c                                               : osal.obj (.text:osal_revmemcpy)
                  0000ea48    0000001c     RFCC26XX_singleMode.obj (.text:ratGetChannel$6)
                  0000ea64    0000001c     RFCC26XX_singleMode.obj (.text:rfSetConstraint)
                  0000ea80    0000001c     rom_sysbios.aem3 : rom_sysbios.obj (.text:ti_sysbios_knl_Swi_construct2__E)
                  0000ea9c    0000001a     icall.obj (.text:ICall_enterCSImpl)
                  0000eab6    0000001a     project_zero_cc2640r2lp_stack_library.lib : osal.obj (.text:osal_isbufset)
                  0000ead0    0000001a     rom_sysbios.aem3 : rom_sysbios_config.obj (.text:xdc_runtime_System_snprintf__E)
                  0000eaea    00000002                      : rom_sysbios.obj (.text:xdc_runtime_SysCallback_defaultAbort)
                  0000eaec    00000018     driverlib.lib : chipinfo.obj (.text:NOROM_ChipInfo_GetPackageType)
                  0000eb04    00000018                   : rfc.obj (.text:NOROM_RFCCpeIntGetAndClear)
                  0000eb1c    00000018     drivers_cc26x0r2.aem3 : PowerCC26XX.oem3 (.text:Power_idleFunc)
                  0000eb34    00000018     RFCC26XX_singleMode.obj (.text:Q_pop$6)
                  0000eb4c    00000018     drivers_cc26x0r2.aem3 : UARTCC26XX.oem3 (.text:UARTCC26XX_init)
                  0000eb64    00000018     project_zero_cc2640r2lp_stack_library.lib : ble_dispatch_lite.obj (.text:bleDispatch_BMFree)
                  0000eb7c    00000018     drivers_cc26x0r2.aem3 : PowerCC26XX.oem3 (.text:configureRFCoreClocks)
                  0000eb94    00000018                           : CryptoCC26XX.oem3 (.text:cryptoTransactionPoll)
                  0000ebac    00000018     project_zero_cc2640r2lp_stack_library.lib : gapbondmgr.obj (.text:gapBondMgrFindCharCfgItem$26)
                  0000ebc4    00000018                                               : ble_dispatch_lite.obj (.text:icall_liteMsgParser)
                  0000ebdc    00000018                                               : osal.obj (.text:osal_buffer_uint32)
                  0000ebf4    00000018                                               : osal.obj (.text:osal_memcpy)
                  0000ec0c    00000018     rtsv7M3_T_le_eabi.lib : args_main.obj (.text)
                  0000ec24    00000018                           : ll_mul_t2.obj (.text)
                  0000ec3c    00000018     RFCC26XX_singleMode.obj (.text:swiFxnFsm$6)
                  0000ec54    00000018     app_ble_uartlog_pem3.oem3 (.text:ti_sysbios_BIOS_rtsUnlock__I)
                  0000ec6c    00000018     rom_sysbios.aem3 : rom_sysbios.obj (.text:ti_sysbios_heaps_HeapCallback_Instance_init__E)
                  0000ec84    00000018                      : rom_sysbios.obj (.text:ti_sysbios_knl_Swi_or__E)
                  0000ec9c    00000018     app_ble_uartlog_pem3.oem3 (.text:ti_sysbios_rom_cortexm_cc26xx_r2_CC26xx_checkRevision__E)
                  0000ecb4    00000016     icall.obj (.text:ICall_abort)
                  0000ecca    00000016     icall.obj (.text:ICall_leaveCSImpl)
                  0000ece0    00000016     icall.obj (.text:ICall_pwrDispense)
                  0000ecf6    00000016     icall.obj (.text:ICall_pwrRequire)
                  0000ed0c    00000016     drivers_cc26x0r2.aem3 : List.oem3 (.text:List_remove)
                  0000ed22    00000016     project_zero_cc2640r2lp_stack_library.lib : rom_init.obj (.text:ROM_Spinlock)
                  0000ed38    00000016     cc2640_ll_pxxx.a : ll_isr.o (.text)
                  0000ed4e    00000016     ble_user_config.obj (.text:driverTable_fnSpinlock)
                  0000ed64    00000016     project_zero_cc2640r2lp_stack_library.lib : gapbondmgr.obj (.text:gapBondMgrEraseAllBondings$26)
                  0000ed7a    00000016     app_ble_uartlog_pem3.oem3 (.text:ti_sysbios_BIOS_errorRaiseHook__I)
                  0000ed90    00000016     app_ble_uartlog_pem3.oem3 (.text:ti_sysbios_BIOS_exitFunc__I)
                  0000eda6    00000002     rom_sysbios.aem3 : rom_sysbios.obj (.text:xdc_runtime_SysCallback_defaultExit)
                  0000eda8    00000014     drivers_cc26x0r2.aem3 : PINCC26XX.oem3 (.text:PINCC26XX_getInputValue)
                  0000edbc    00000014     RFCC26XX_singleMode.obj (.text:RF_Params_init)
                  0000edd0    00000014     RFCC26XX_singleMode.obj (.text:RF_getCmdOp)
                  0000ede4    00000014     cc2640_ll_pxxx.a : ll_data.o (.text)
                  0000edf8    00000014     project_zero_cc2640r2lp_stack_library.lib : gapbondmgr.obj (.text:gapBondMgr_gapIdle$26)
                  0000ee0c    00000014     RFCC26XX_singleMode.obj (.text:ratConfigureChannel$6)
[...]
20002374  timerHead                                                                 
20002378  osal_last_timestamp                                                       
20002380  llTaskList                                                                
2000238c  PowerCC26XX_taskKey                                                       
20002390  PowerCC26XX_swiKey                                                        
200023a0  ClockP_tickPeriod                                                         
200023a4  tasksEvents                                                               
200023a8  trngCC26XXObjects                                                         
200023b0  hciTaskID                                                                 
200023b1  hciGapTaskID                                                              
200023b2  hciTestTaskID                                                             
200023b3  hciL2capTaskID                                                            
200023b4  hciSmpTaskID                                                              
200023b5  driverlib_release_0_49664                                                 
200023b6  g_hwiInt                                                                  
200023b7  icall_liteTaskId                                                          
200023b8  heapStart                                                                 
20004000  __stack                                                                   
20004000  heapEnd                                                                   
20004400  __STACK_END                                                               
20004400  __STACK_TOP                                                               
200044f8  RAM_BASE_ADDR                                                             
20004504  ROM_FlashJT                                                               
20004508  gapParameters                                                             
20004558  gapPeripheralCBs                                                          
20004564  gapPeripheralConnCBs                                                      
20004568  rfMode                                                                    
20004584  smResponderCBs                                                            
2000459c  slaveConnHandle                                                           
2000459e  nextHandle                                                                
200045a0  l2capMtuSize                                                              
200045a2  gapAppTaskID                                                              
200045a3  gapAdvAppTaskID                                                           
200045a4  gapUnwantedTaskID                                                         
200045a5  reqTaskId                                                                 
200045a6  gattAppTaskID                                                             
200045a7  appTaskID                                                                 
200045a8  flowCtrlTaskId                                                            
200045a9  SM_appTaskID                                                              
200045ac  resolvingList                                                             
200046ec  scanDataEntry                                                             
200047cc  wlTable                                                                   
200048a8  wlTableScan                                                               
20004988  rfObject                                                                  
20004a20  advCmd                                                                    
20004a68  localEccKeys                                                              
20004aac  initDataEntry                                                             
20004ae4  advDataEntry                                                              
20004b1c  l2capFixedChannels                                                        
20004b4c  linkCBs                                                                   
20004b7c  eccParams                                                                 
20004bac  initParam                                                                 
20004bd0  scanParam                                                                 
20004bf4  advParam                                                                  
20004c14  cryptoPRAND                                                               
20004c34  txModemTestCmd                                                            
20004c50  gapParams                                                                 
20004c6c  initCmd                                                                   
20004c84  connReqData                                                               
20004c9c  scanCmd                                                                   
20004cb4  scanOutput                                                                
20004ccc  trxTestCmd                                                                
20004ce4  rxModemTestCmd                                                            
20004cfc  rsp                                                                       
20004d14  fwParDtmCmd                                                               
20004d2c  rfSetup                                                                   
20004d44  fwParRfCmd                                                                
20004d5c  connOutput                                                                
20004d70  rxTestParam                                                               
20004d84  initDataQueue                                                             
20004d94  scanDataQueue                                                             
20004da4  advDataQueue                                                              
20004db4  advOutput                                                                 
20004dc4  txTestParam                                                               
20004dd4  initOutput                                                                
20004de0  rxTestOut                                                                 
20004dec  deviceFeatureSet                                                          
20004df8  cachedTRNGdata                                                            
20004e04  gapCurrentRandomAddr                                                      
20004e0c  slaveUpdateReq                                                            
20004e14  pBleEvtMask                                                               
20004e1c  pHciEvtMask                                                               
20004e24  pHciEvtMask2                                                              
20004e2c  ownPublicAddr                                                             
20004e34  ownRandomAddr                                                             
20004e3c  ownSavedPublicAddr                                                        
20004e44  fwImmedCmd                                                                
20004e4c  attServerNotifyTxCB                                                       
20004e50  rfEvent                                                                   
20004e58  fwParCmd                                                                  
20004e60  verInfo                                                                   
20004e68  llConns                                                                   
20004e70  fwParamImmedCmd                                                           
20004e78  privInfo                                                                  
20004e80  linkCmd                                                                   
20004e84  linkParam                                                                 
20004e88  rxDataQ                                                                   
20004e8c  txDataQ                                                                   
20004e90  rxRingBuf                                                                 
20004e94  txTestOut                                                                 
20004e98  pGapDiscReq                                                               
20004e9c  pGapAdvertState                                                           
20004ea0  pEstLink                                                                  
20004ea4  pAuthLink                                                                 
20004ea8  pfnCentralConnCBs                                                         
20004eac  pfnPeripheralConnCBs                                                      
20004eb0  pGapAdvTokens                                                             
20004eb4  pGapAdData                                                                
20004eb8  pGapScanRspData                                                           
20004ebc  pfnPeripheralCBs                                                          
20004ec0  pfnCentralCBs                                                             
20004ec4  pfnBondMgrCBs                                                             
20004ec8  serverInfoTbl                                                             
20004ecc  pServiceList                                                              
20004ed0  pfnServerProcessMsgCB                                                     
20004ed4  pfnClientProcessMsgCB                                                     
20004ed8  prepareWritesTbl                                                          
20004edc  serviceCBsList                                                            
20004ee0  pAttrValue                                                                
20004ee4  l2capChannels                                                             
20004ee8  linkDB                                                                    
20004eec  rfHandle                                                                  
20004ef0  rfDrvTblPtr                                                               
20004ef4  eccDrvTblPtr                                                              
20004ef8  cryptoDrvTblPtr                                                           
20004efc  trngDrvTblPtr                                                             
20004f00  activeConns                                                               
20004f04  SysBootMsg                                                                
20004f08  sclkSrc                                                                   
20004f0c  buildInfo                                                                 
20004f10  advInfo                                                                   
20004f14  scanInfo                                                                  
20004f18  initInfo                                                                  
20004f1c  dtmInfo                                                                   
20004f20  taskEndAction                                                             
20004f24  encParams                                                                 
20004f28  encHandle                                                                 
20004f2c  encKey                                                                    
20004f30  pPairingParams                                                            
20004f34  pfnResponderCBs                                                           
20004f38  pfnInitiatorCBs                                                           
20004f3c  gapLimitedAdvertisingTimeout                                              
20004f3e  attrLen                                                                   
20004f40  numHostBufs                                                               
20004f42  rfCmdHandle                                                               
20004f44  connInitialMaxTxOctets                                                    
20004f46  connInitialMaxTxTime                                                      
20004f48  supportedMaxTxOctets                                                      
20004f4a  supportedMaxTxTime                                                        
20004f4c  supportedMaxRxOctets                                                      
20004f4e  supportedMaxRxTime                                                        
20004f50  taskEndStatus                                                             
20004f52  postRfOperations                                                          
20004f54  rfCfgAdiVal                                                               
20004f58  gapProfileRole                                                            
20004f59  gapDeviceAddrMode                                                         
20004f5a  gapState                                                                  
20004f5b  terminateAllTaskID                                                        
20004f5c  terminateReason                                                           
20004f5d  gapTaskID                                                                 
20004f5e  gattNumConns                                                              
20004f5f  gattTaskID                                                                
20004f60  GATTServApp_TaskID                                                        
20004f61  maxNumPrepareWrites                                                       
20004f62  hciPTMenabled                                                             
20004f63  ctrlToHostEnable                                                          
20004f64  l2capFlowCtrlMode                                                         
20004f65  l2capTaskID                                                               
20004f66  l2capNumChannels                                                          
20004f67  l2capNumDataPkts                                                          
20004f68  l2capId                                                                   
20004f69  linkDBNumConns                                                            
20004f6a  linkDB_secureConnectionOnlyMode                                           
20004f6b  maxPduSize                                                                
20004f6c  rfFeModeBias                                                              
20004f6d  maxNumTxDataBufs                                                          
20004f6e  LL_TaskID                                                                 
20004f6f  llState                                                                   
20004f70  rssiCorrection                                                            
20004f71  curTxPowerVal                                                             
20004f72  maxTxPwrForDTM                                                            
20004f73  onePktPerEvt                                                              
20004f74  numComplPkts                                                              
20004f75  numComplPktsLimit                                                         
20004f76  numComplPktsFlush                                                         
20004f77  fastTxRespTime                                                            
20004f78  slOverride                                                                
20004f79  rxFifoFlowCtrl                                                            
20004f7a  numTxDataBufs                                                             
20004f7b  maxNumConns                                                               
20004f7c  smTaskID                                                                  
20004f7d  SM_appExpectingKey                                                        
20004f80  ECC_DATA$$Base                                                            
20004f80  eccRom_param_Gx                                                           
20004f84  eccRom_param_Gy                                                           
20004f88  eccRom_workzone                                                           
20004f8c  eccRom_param_p                                                            
20004f90  eccRom_param_r                                                            
20004f94  eccRom_param_a                                                            
20004f98  eccRom_param_b                                                            
20004f9c  eccRom_windowSize                                                         
20004fa0  aux64                                                                     
20004fa8  MOD                                                                       
20004fac  LEN                                                                       
20004fb0  inScalar                                                                  
20004fb4  inPointX                                                                  
20004fb8  inPointY                                                                  
20004fbc  outPointX                                                                 
20004fc0  outPointY                                                                 
20004fc4  SCAL                                                                      
20004fc8  EXPX                                                                      
20004fcc  EXPY                                                                      
20004fd0  EXPZ                                                                      
20004fd4  EXPW                                                                      
20004fd8  ACCX                                                                      
20004fdc  ACCY                                                                      
20004fe0  ACCZ                                                                      
20004fe4  TMP1                                                                      
20004fe8  TMP2                                                                      
20004fec  TMP3                                                                      
20004ff0  TMP4                                                                      
20004ff4  TMP5                                                                      
20004ff8  TMP6                                                                      
20004ffc  MSBMOD                                                                    
20005000  ECC_DATA$$Limit                                                           
20005000  __UNUSED_SRAM_end__                                                       
e000e000  ti_sysbios_family_arm_m3_Hwi_nvic                                         
ffffffff  __TI_pprof_out_hndl                                                       
ffffffff  __TI_prof_data_size                                                       
ffffffff  __TI_prof_data_start                                                      
ffffffff  __binit__                                                                 
ffffffff  __c_args__                                                                
ffffffff  binit                                                                     
UNDEFED   SHT$$INIT_ARRAY$$Base                                                     
UNDEFED   SHT$$INIT_ARRAY$$Limit                                                    

[2260 symbols]
