******************************************************************************
                  TI ARM Linker PC v16.9.6                     
******************************************************************************
>> Linked Wed Mar 07 09:55:13 2018

OUTPUT FILE NAME:   <Simple_Peripheral_RTOS_Dev_1_app.out>
ENTRY POINT SYMBOL: "ResetISR"  address: 0000b67d


MEMORY CONFIGURATION

         name            origin    length      used     unused   attr    fill
----------------------  --------  ---------  --------  --------  ----  --------
  FLASH                 00000000   0001f000  00010a1c  0000e5e4  R  X
  FLASH_LAST_PAGE       0001f000   00001000  00000058  00000fa8  R  X
  SRAM                  20000000   00004400  000022f2  0000210e  RW X


SEGMENT ALLOCATION MAP

run origin  load origin   length   init length attrs members
----------  ----------- ---------- ----------- ----- -------
00000000    00000000    0000fa24   0000fa24    r-x
  00000000    00000000    0000003c   0000003c    r-- .resetVecs
  0000003c    0000003c    00000fc4   00000fc4    r-x .text.1
  00001000    00001000    00000028   00000028    r-- .const:ti_sysbios_heaps_HeapMem_Module__FXNS__C
  00001028    00001028    00000024   00000024    r-- .const:ti_sysbios_gates_GateHwi_Module__FXNS__C
  0000104c    0000104c    00000024   00000024    r-- .const:ti_sysbios_gates_GateMutex_Module__FXNS__C
  00001070    00001070    00000020   00000020    r-- .const:ti_sysbios_family_arm_m3_Hwi_Object__DESC__C
  00001090    00001090    00000020   00000020    r-- .const:ti_sysbios_gates_GateHwi_Object__DESC__C
  000010b0    000010b0    00000020   00000020    r-- .const:ti_sysbios_gates_GateMutex_Object__DESC__C
  000010d0    000010d0    00000020   00000020    r-- .const:ti_sysbios_hal_Hwi_Object__DESC__C
  000010f0    000010f0    00000020   00000020    r-- .const:ti_sysbios_heaps_HeapMem_Object__DESC__C
  00001110    00001110    00000020   00000020    r-- .const:ti_sysbios_knl_Clock_Object__DESC__C
  00001130    00001130    00000020   00000020    r-- .const:ti_sysbios_knl_Event_Object__DESC__C
  00001150    00001150    00000020   00000020    r-- .const:ti_sysbios_knl_Mailbox_Object__DESC__C
  00001170    00001170    00000020   00000020    r-- .const:ti_sysbios_knl_Queue_Object__DESC__C
  00001190    00001190    00000020   00000020    r-- .const:ti_sysbios_knl_Semaphore_Object__DESC__C
  000011b0    000011b0    00000020   00000020    r-- .const:ti_sysbios_knl_Swi_Object__DESC__C
  000011d0    000011d0    00000020   00000020    r-- .const:ti_sysbios_knl_Task_Object__DESC__C
  000011f0    000011f0    00000008   00000008    r-- .const:ti_sysbios_knl_Idle_funcList__C
  000011f8    000011f8    00000004   00000004    r-- .const:ti_sysbios_family_arm_cc26xx_Timer_startupNeeded__C
  000011fc    000011fc    00000004   00000004    r-- .const:ti_sysbios_family_arm_m3_Hwi_E_alreadyDefined__C
  00001200    00001200    00000004   00000004    r-- .const:ti_sysbios_family_arm_m3_Hwi_E_hwiLimitExceeded__C
  00001204    00001204    00000004   00000004    r-- .const:ti_sysbios_family_arm_m3_Hwi_NUM_INTERRUPTS__C
  00001208    00001208    00000004   00000004    r-- .const:ti_sysbios_family_arm_m3_Hwi_Object__count__C
  0000120c    0000120c    00000004   00000004    r-- .const:ti_sysbios_family_arm_m3_Hwi_Object__table__C
  00001210    00001210    00000004   00000004    r-- .const:ti_sysbios_family_arm_m3_Hwi_ccr__C
  00001214    00001214    00000004   00000004    r-- .const:ti_sysbios_family_arm_m3_Hwi_excHandlerFunc__C
  00001218    00001218    00000004   00000004    r-- .const:ti_sysbios_family_arm_m3_Hwi_nullIsrFunc__C
  0000121c    0000121c    00000004   00000004    r-- .const:ti_sysbios_family_arm_m3_Hwi_numSparseInterrupts__C
  00001220    00001220    00000004   00000004    r-- .const:ti_sysbios_family_arm_m3_Hwi_priGroup__C
  00001224    00001224    00000004   00000004    r-- .const:ti_sysbios_family_arm_m3_TaskSupport_stackAlignment__C
  00001228    00001228    00000004   00000004    r-- .const:ti_sysbios_heaps_HeapMem_E_memory__C
  0000122c    0000122c    00000004   00000004    r-- .const:ti_sysbios_heaps_HeapMem_Module__gateObj__C
  00001230    00001230    00000004   00000004    r-- .const:ti_sysbios_heaps_HeapMem_Object__count__C
  00001234    00001234    00000004   00000004    r-- .const:ti_sysbios_heaps_HeapMem_Object__table__C
  00001238    00001238    00000004   00000004    r-- .const:ti_sysbios_heaps_HeapMem_reqAlign__C
  0000123c    0000123c    00000004   00000004    r-- .const:ti_sysbios_knl_Clock_triggerClock__C
  00001240    00001240    00000004   00000004    r-- .const:ti_sysbios_knl_Mailbox_Object__count__C
  00001244    00001244    00000004   00000004    r-- .const:ti_sysbios_knl_Mailbox_Object__table__C
  00001248    00001248    00000004   00000004    r-- .const:ti_sysbios_knl_Mailbox_maxTypeAlign__C
  0000124c    0000124c    00000004   00000004    r-- .const:ti_sysbios_knl_Queue_Object__count__C
  00001250    00001250    00000004   00000004    r-- .const:ti_sysbios_knl_Queue_Object__table__C
  00001254    00001254    00000004   00000004    r-- .const:ti_sysbios_knl_Semaphore_eventPost__C
  00001258    00001258    00000004   00000004    r-- .const:ti_sysbios_knl_Semaphore_eventSync__C
  0000125c    0000125c    00000004   00000004    r-- .const:ti_sysbios_knl_Swi_Object__count__C
  00001260    00001260    00000004   00000004    r-- .const:ti_sysbios_knl_Swi_Object__table__C
  00001264    00001264    00000004   00000004    r-- .const:ti_sysbios_knl_Swi_numPriorities__C
  00001268    00001268    00000004   00000004    r-- .const:ti_sysbios_knl_Task_Object__count__C
  0000126c    0000126c    00000004   00000004    r-- .const:ti_sysbios_knl_Task_Object__table__C
  00001270    00001270    00000004   00000004    r-- .const:ti_sysbios_knl_Task_allBlockedFunc__C
  00001274    00001274    00000004   00000004    r-- .const:ti_sysbios_knl_Task_defaultStackHeap__C
  00001278    00001278    00000004   00000004    r-- .const:ti_sysbios_knl_Task_defaultStackSize__C
  0000127c    0000127c    00000004   00000004    r-- .const:ti_sysbios_knl_Task_numConstructedTasks__C
  00001280    00001280    00000002   00000002    r-- .const:ti_sysbios_family_arm_cc26xx_Timer_Module__id__C
  00001282    00001282    00000002   00000002    r-- .const:ti_sysbios_family_arm_cc26xx_TimestampProvider_useClockTimer__C
  00001284    00001284    00000002   00000002    r-- .const:ti_sysbios_family_arm_m3_Hwi_Module__id__C
  00001286    00001286    00000002   00000002    r-- .const:ti_sysbios_gates_GateHwi_Module__id__C
  00001288    00001288    00000002   00000002    r-- .const:ti_sysbios_gates_GateMutex_Module__id__C
  0000128a    0000128a    00000002   00000002    r-- .const:ti_sysbios_heaps_HeapMem_Module__id__C
  0000128c    0000128c    00000002   00000002    r-- .const:ti_sysbios_knl_Task_initStackFlag__C
  0000128e    0000128e    00000001   00000001    r-- .const:ti_sysbios_knl_Clock_tickMode__C
  00001290    00001290    00000008   00000008    r-- .const:xdc_runtime_Startup_firstFxns__C
  00001298    00001298    00000008   00000008    r-- .const:xdc_runtime_Startup_lastFxns__C
  000012a0    000012a0    00000004   00000004    r-- .const:xdc_runtime_Assert_E_assertFailed__C
  000012a4    000012a4    00000004   00000004    r-- .const:xdc_runtime_Error_E_memory__C
  000012a8    000012a8    00000004   00000004    r-- .const:xdc_runtime_Error_policyFxn__C
  000012ac    000012ac    00000004   00000004    r-- .const:xdc_runtime_Error_raiseHook__C
  000012b0    000012b0    00000004   00000004    r-- .const:xdc_runtime_IGateProvider_Interface__BASE__C
  000012b4    000012b4    00000004   00000004    r-- .const:xdc_runtime_IHeap_Interface__BASE__C
  000012b8    000012b8    00000004   00000004    r-- .const:xdc_runtime_IModule_Interface__BASE__C
  000012bc    000012bc    00000004   00000004    r-- .const:xdc_runtime_Memory_defaultHeapInstance__C
  000012c0    000012c0    00000004   00000004    r-- .const:xdc_runtime_Startup_execImpl__C
  000012c4    000012c4    00000004   00000004    r-- .const:xdc_runtime_Startup_maxPasses__C
  000012c8    000012c8    00000004   00000004    r-- .const:xdc_runtime_Startup_sfxnRts__C
  000012cc    000012cc    00000004   00000004    r-- .const:xdc_runtime_Startup_sfxnTab__C
  000012d0    000012d0    00000004   00000004    r-- .const:xdc_runtime_Startup_startModsFxn__C
  000012d4    000012d4    00000004   00000004    r-- .const:xdc_runtime_SysCallback_abortFxn__C
  000012d8    000012d8    00000004   00000004    r-- .const:xdc_runtime_SysCallback_exitFxn__C
  000012dc    000012dc    00000004   00000004    r-- .const:xdc_runtime_System_abortFxn__C
  000012e0    000012e0    00000004   00000004    r-- .const:xdc_runtime_System_exitFxn__C
  000012e4    000012e4    00000004   00000004    r-- .const:xdc_runtime_System_maxAtexitHandlers__C
  000012e8    000012e8    00000004   00000004    r-- .const:xdc_runtime_Text_charTab__C
  000012ec    000012ec    00000004   00000004    r-- .const:xdc_runtime_Text_nameEmpty__C
  000012f0    000012f0    00000004   00000004    r-- .const:xdc_runtime_Text_nameStatic__C
  000012f4    000012f4    00000004   00000004    r-- .const:xdc_runtime_Text_nameUnknown__C
  000012f8    000012f8    00000002   00000002    r-- .const:xdc_runtime_Error_maxDepth__C
  000012fa    000012fa    00000002   00000002    r-- .const:xdc_runtime_Memory_Module__id__C
  000012fc    000012fc    00000002   00000002    r-- .const:xdc_runtime_Text_charCnt__C
  000012fe    000012fe    00000002   00000002    r-- .const:xdc_runtime_Text_isLoaded__C
  00001300    00001300    00000001   00000001    r-- .const:xdc_runtime_Error_policy__C
  00001304    00001304    00000004   00000004    r-- .const:ti_sysbios_rom_ROM_ti_sysbios_family_arm_cc26xx_Timer_getCount64__E
  00001308    00001308    00000004   00000004    r-- .const:ti_sysbios_rom_ROM_ti_sysbios_family_arm_cc26xx_Timer_getCurrentTick__E
  0000130c    0000130c    00000004   00000004    r-- .const:ti_sysbios_rom_ROM_ti_sysbios_family_arm_cc26xx_Timer_getMaxTicks__E
  00001310    00001310    00000004   00000004    r-- .const:ti_sysbios_rom_ROM_ti_sysbios_family_arm_cc26xx_Timer_initDevice__I
  00001314    00001314    00000004   00000004    r-- .const:ti_sysbios_rom_ROM_ti_sysbios_family_arm_cc26xx_Timer_setNextTick__E
  00001318    00001318    00000004   00000004    r-- .const:ti_sysbios_rom_ROM_ti_sysbios_family_arm_cc26xx_Timer_setThreshold__I
  0000131c    0000131c    00000004   00000004    r-- .const:ti_sysbios_rom_ROM_ti_sysbios_family_arm_cc26xx_Timer_start__E
  00001320    00001320    00000004   00000004    r-- .const:ti_sysbios_rom_ROM_ti_sysbios_family_arm_cc26xx_TimestampProvider_get32__E
  00001324    00001324    00000004   00000004    r-- .const:ti_sysbios_rom_ROM_xdc_runtime_Startup_getState__I
  00001328    00001328    00000004   00000004    r-- .const:ti_sysbios_rom_ROM_xdc_runtime_System_SupportProxy_abort__E
  0000132c    0000132c    00000004   00000004    r-- .const:ti_sysbios_rom_ROM_xdc_runtime_System_SupportProxy_exit__E
  00001330    00001330    0000d088   0000d088    r-x .text.2
  0000e3b8    0000e3b8    000010f4   000010f4    r-- .const
  0000f4ac    0000f4ac    00000090   00000090    r-- .rodata
  0000f540    0000f540    000004e4   000004e4    r-- .cinit
0001e000    0001e000    00001000   00001000    r--
  0001e000    0001e000    00001000   00001000    r-- .snvSectors
0001ffa8    0001ffa8    00000058   00000058    r--
  0001ffa8    0001ffa8    00000058   00000058    r-- .ccfg
20000100    20000100    00001e2c   00000000    rw-
  20000100    20000100    00000044   00000000    rw- .data:ti_sysbios_knl_Task_Module__state__V
  20000144    20000144    00000034   00000000    rw- .data:ti_sysbios_family_arm_m3_Hwi_Module__state__V
  20000178    20000178    0000002c   00000000    rw- .data:ti_sysbios_knl_Clock_Module__state__V
  200001a4    200001a4    00000024   00000000    rw- .data:ti_sysbios_BIOS_Module__state__V
  200001c8    200001c8    0000001c   00000000    rw- .data:ti_sysbios_knl_Swi_Module__state__V
  200001e4    200001e4    00000008   00000000    rw- .data:ti_sysbios_family_arm_cc26xx_Timer_Module__state__V
  200001ec    200001ec    00000004   00000000    rw- .data:ti_sysbios_family_arm_cc26xx_TimestampProvider_Module__state__V
  200001f0    200001f0    00000008   00000000    rw- .data:xdc_runtime_Startup_Module__state__V
  200001f8    200001f8    00000008   00000000    rw- .data:xdc_runtime_System_Module__state__V
  20000200    20000200    00000004   00000000    rw- .data:xdc_runtime_Memory_Module__state__V
  20000204    20000204    00000002   00000000    rw- .data:xdc_runtime_Error_Module__state__V
  20000208    20000208    000012b4   00000000    rw- .data
  200014c0    200014c0    00000a6c   00000000    rw- .bss
20004000    20004000    00000400   00000000    rw-
  20004000    20004000    00000400   00000000    rw- .stack


SECTION ALLOCATION MAP

 output                                  attributes/
section   page    origin      length       input sections
--------  ----  ----------  ----------   ----------------
.resetVecs 
*          0    00000000    0000003c     
                  00000000    0000003c     app_ble_pem3.oem3 (.resetVecs)

.text.1    0    0000003c    00000fc4     
                  0000003c    000006ac     simple_peripheral.obj (.text:SimpleBLEPeripheral_taskFxn$0)
                  000006e8    00000008     (.tramp.ti_sysbios_knl_Queue_construct.1)
                  000006f0    00000008     (.tramp.ti_sysbios_knl_Event_pend__E.1)
                  000006f8    00000008     ble_r2.symbols (.tramp.GATT_bm_free.1)
                  00000700    00000008     (.tramp.ti_sysbios_knl_Queue_get__E.1)
                  00000708    00000008     (.tramp.ti_sysbios_knl_Queue_empty__E.1)
                  00000710    000005c0     cc2640_ll_pxxx.a : ll.o (.text)
                  00000cd0    00000008     ble_r2.symbols (.tramp.LL_ENC_GenerateTrueRandNum.1)
                  00000cd8    00000008     ble_r2.symbols (.tramp.LL_PRIV_GenerateRSA.1)
                  00000ce0    00000008     ble_r2.symbols (.tramp.LL_ENC_Init.1)
                  00000ce8    00000314     drivers_cc26x0r2.aem3 : PowerCC26XX_calibrateRCOSC.oem3 (.text:PowerCC26XX_auxISR)
                  00000ffc    00000004     dpl_cc26x0r2.aem3 : PowerCC26XX_tirtos.oem3 (.text:CPUwfi)

.const:ti_sysbios_heaps_HeapMem_Module__FXNS__C 
*          0    00001000    00000028     
                  00001000    00000028     app_ble_pem3.oem3 (.const:ti_sysbios_heaps_HeapMem_Module__FXNS__C)

.const:ti_sysbios_gates_GateHwi_Module__FXNS__C 
*          0    00001028    00000024     
                  00001028    00000024     app_ble_pem3.oem3 (.const:ti_sysbios_gates_GateHwi_Module__FXNS__C)

.const:ti_sysbios_gates_GateMutex_Module__FXNS__C 
*          0    0000104c    00000024     
                  0000104c    00000024     app_ble_pem3.oem3 (.const:ti_sysbios_gates_GateMutex_Module__FXNS__C)

.const:ti_sysbios_family_arm_m3_Hwi_Object__DESC__C 
*          0    00001070    00000020     
                  00001070    00000020     app_ble_pem3.oem3 (.const:ti_sysbios_family_arm_m3_Hwi_Object__DESC__C)

.const:ti_sysbios_gates_GateHwi_Object__DESC__C 
*          0    00001090    00000020     
                  00001090    00000020     app_ble_pem3.oem3 (.const:ti_sysbios_gates_GateHwi_Object__DESC__C)

.const:ti_sysbios_gates_GateMutex_Object__DESC__C 
*          0    000010b0    00000020     
                  000010b0    00000020     app_ble_pem3.oem3 (.const:ti_sysbios_gates_GateMutex_Object__DESC__C)

.const:ti_sysbios_hal_Hwi_Object__DESC__C 
*          0    000010d0    00000020     
                  000010d0    00000020     app_ble_pem3.oem3 (.const:ti_sysbios_hal_Hwi_Object__DESC__C)

.const:ti_sysbios_heaps_HeapMem_Object__DESC__C 
*          0    000010f0    00000020     
                  000010f0    00000020     app_ble_pem3.oem3 (.const:ti_sysbios_heaps_HeapMem_Object__DESC__C)

.const:ti_sysbios_knl_Clock_Object__DESC__C 
*          0    00001110    00000020     
                  00001110    00000020     app_ble_pem3.oem3 (.const:ti_sysbios_knl_Clock_Object__DESC__C)

.const:ti_sysbios_knl_Event_Object__DESC__C 
*          0    00001130    00000020     
                  00001130    00000020     app_ble_pem3.oem3 (.const:ti_sysbios_knl_Event_Object__DESC__C)

.const:ti_sysbios_knl_Mailbox_Object__DESC__C 
*          0    00001150    00000020     
                  00001150    00000020     app_ble_pem3.oem3 (.const:ti_sysbios_knl_Mailbox_Object__DESC__C)

.const:ti_sysbios_knl_Queue_Object__DESC__C 
*          0    00001170    00000020     
                  00001170    00000020     app_ble_pem3.oem3 (.const:ti_sysbios_knl_Queue_Object__DESC__C)

.const:ti_sysbios_knl_Semaphore_Object__DESC__C 
*          0    00001190    00000020     
                  00001190    00000020     app_ble_pem3.oem3 (.const:ti_sysbios_knl_Semaphore_Object__DESC__C)

.const:ti_sysbios_knl_Swi_Object__DESC__C 
*          0    000011b0    00000020     
                  000011b0    00000020     app_ble_pem3.oem3 (.const:ti_sysbios_knl_Swi_Object__DESC__C)

.const:ti_sysbios_knl_Task_Object__DESC__C 
*          0    000011d0    00000020     
                  000011d0    00000020     app_ble_pem3.oem3 (.const:ti_sysbios_knl_Task_Object__DESC__C)

.const:ti_sysbios_knl_Idle_funcList__C 
*          0    000011f0    00000008     
                  000011f0    00000008     app_ble_pem3.oem3 (.const:ti_sysbios_knl_Idle_funcList__C)

.const:ti_sysbios_family_arm_cc26xx_Timer_startupNeeded__C 
*          0    000011f8    00000004     
                  000011f8    00000004     app_ble_pem3.oem3 (.const:ti_sysbios_family_arm_cc26xx_Timer_startupNeeded__C)

.const:ti_sysbios_family_arm_m3_Hwi_E_alreadyDefined__C 
*          0    000011fc    00000004     
                  000011fc    00000004     app_ble_pem3.oem3 (.const:ti_sysbios_family_arm_m3_Hwi_E_alreadyDefined__C)

.const:ti_sysbios_family_arm_m3_Hwi_E_hwiLimitExceeded__C 
*          0    00001200    00000004     
                  00001200    00000004     app_ble_pem3.oem3 (.const:ti_sysbios_family_arm_m3_Hwi_E_hwiLimitExceeded__C)

.const:ti_sysbios_family_arm_m3_Hwi_NUM_INTERRUPTS__C 
*          0    00001204    00000004     
                  00001204    00000004     app_ble_pem3.oem3 (.const:ti_sysbios_family_arm_m3_Hwi_NUM_INTERRUPTS__C)

.const:ti_sysbios_family_arm_m3_Hwi_Object__count__C 
*          0    00001208    00000004     
                  00001208    00000004     app_ble_pem3.oem3 (.const:ti_sysbios_family_arm_m3_Hwi_Object__count__C)

.const:ti_sysbios_family_arm_m3_Hwi_Object__table__C 
*          0    0000120c    00000004     
                  0000120c    00000004     app_ble_pem3.oem3 (.const:ti_sysbios_family_arm_m3_Hwi_Object__table__C)

.const:ti_sysbios_family_arm_m3_Hwi_ccr__C 
*          0    00001210    00000004     
                  00001210    00000004     app_ble_pem3.oem3 (.const:ti_sysbios_family_arm_m3_Hwi_ccr__C)

.const:ti_sysbios_family_arm_m3_Hwi_excHandlerFunc__C 
*          0    00001214    00000004     
                  00001214    00000004     app_ble_pem3.oem3 (.const:ti_sysbios_family_arm_m3_Hwi_excHandlerFunc__C)

.const:ti_sysbios_family_arm_m3_Hwi_nullIsrFunc__C 
*          0    00001218    00000004     
                  00001218    00000004     app_ble_pem3.oem3 (.const:ti_sysbios_family_arm_m3_Hwi_nullIsrFunc__C)

.const:ti_sysbios_family_arm_m3_Hwi_numSparseInterrupts__C 
*          0    0000121c    00000004     
                  0000121c    00000004     app_ble_pem3.oem3 (.const:ti_sysbios_family_arm_m3_Hwi_numSparseInterrupts__C)

.const:ti_sysbios_family_arm_m3_Hwi_priGroup__C 
*          0    00001220    00000004     
                  00001220    00000004     app_ble_pem3.oem3 (.const:ti_sysbios_family_arm_m3_Hwi_priGroup__C)

.const:ti_sysbios_family_arm_m3_TaskSupport_stackAlignment__C 
*          0    00001224    00000004     
                  00001224    00000004     app_ble_pem3.oem3 (.const:ti_sysbios_family_arm_m3_TaskSupport_stackAlignment__C)

.const:ti_sysbios_heaps_HeapMem_E_memory__C 
*          0    00001228    00000004     
                  00001228    00000004     app_ble_pem3.oem3 (.const:ti_sysbios_heaps_HeapMem_E_memory__C)

.const:ti_sysbios_heaps_HeapMem_Module__gateObj__C 
*          0    0000122c    00000004     
                  0000122c    00000004     app_ble_pem3.oem3 (.const:ti_sysbios_heaps_HeapMem_Module__gateObj__C)

.const:ti_sysbios_heaps_HeapMem_Object__count__C 
*          0    00001230    00000004     
                  00001230    00000004     app_ble_pem3.oem3 (.const:ti_sysbios_heaps_HeapMem_Object__count__C)

.const:ti_sysbios_heaps_HeapMem_Object__table__C 
*          0    00001234    00000004     
                  00001234    00000004     app_ble_pem3.oem3 (.const:ti_sysbios_heaps_HeapMem_Object__table__C)

.const:ti_sysbios_heaps_HeapMem_reqAlign__C 
*          0    00001238    00000004     
                  00001238    00000004     app_ble_pem3.oem3 (.const:ti_sysbios_heaps_HeapMem_reqAlign__C)

.const:ti_sysbios_knl_Clock_triggerClock__C 
*          0    0000123c    00000004     
                  0000123c    00000004     app_ble_pem3.oem3 (.const:ti_sysbios_knl_Clock_triggerClock__C)

.const:ti_sysbios_knl_Mailbox_Object__count__C 
*          0    00001240    00000004     
                  00001240    00000004     app_ble_pem3.oem3 (.const:ti_sysbios_knl_Mailbox_Object__count__C)

.const:ti_sysbios_knl_Mailbox_Object__table__C 
*          0    00001244    00000004     
                  00001244    00000004     app_ble_pem3.oem3 (.const:ti_sysbios_knl_Mailbox_Object__table__C)

.const:ti_sysbios_knl_Mailbox_maxTypeAlign__C 
*          0    00001248    00000004     
                  00001248    00000004     app_ble_pem3.oem3 (.const:ti_sysbios_knl_Mailbox_maxTypeAlign__C)

.const:ti_sysbios_knl_Queue_Object__count__C 
*          0    0000124c    00000004     
                  0000124c    00000004     app_ble_pem3.oem3 (.const:ti_sysbios_knl_Queue_Object__count__C)

.const:ti_sysbios_knl_Queue_Object__table__C 
*          0    00001250    00000004     
                  00001250    00000004     app_ble_pem3.oem3 (.const:ti_sysbios_knl_Queue_Object__table__C)

.const:ti_sysbios_knl_Semaphore_eventPost__C 
*          0    00001254    00000004     
                  00001254    00000004     app_ble_pem3.oem3 (.const:ti_sysbios_knl_Semaphore_eventPost__C)

.const:ti_sysbios_knl_Semaphore_eventSync__C 
*          0    00001258    00000004     
                  00001258    00000004     app_ble_pem3.oem3 (.const:ti_sysbios_knl_Semaphore_eventSync__C)

.const:ti_sysbios_knl_Swi_Object__count__C 
*          0    0000125c    00000004     
                  0000125c    00000004     app_ble_pem3.oem3 (.const:ti_sysbios_knl_Swi_Object__count__C)

.const:ti_sysbios_knl_Swi_Object__table__C 
*          0    00001260    00000004     
                  00001260    00000004     app_ble_pem3.oem3 (.const:ti_sysbios_knl_Swi_Object__table__C)

.const:ti_sysbios_knl_Swi_numPriorities__C 
*          0    00001264    00000004     
                  00001264    00000004     app_ble_pem3.oem3 (.const:ti_sysbios_knl_Swi_numPriorities__C)

.const:ti_sysbios_knl_Task_Object__count__C 
*          0    00001268    00000004     
                  00001268    00000004     app_ble_pem3.oem3 (.const:ti_sysbios_knl_Task_Object__count__C)

.const:ti_sysbios_knl_Task_Object__table__C 
*          0    0000126c    00000004     
                  0000126c    00000004     app_ble_pem3.oem3 (.const:ti_sysbios_knl_Task_Object__table__C)

.const:ti_sysbios_knl_Task_allBlockedFunc__C 
*          0    00001270    00000004     
                  00001270    00000004     app_ble_pem3.oem3 (.const:ti_sysbios_knl_Task_allBlockedFunc__C)

.const:ti_sysbios_knl_Task_defaultStackHeap__C 
*          0    00001274    00000004     
                  00001274    00000004     app_ble_pem3.oem3 (.const:ti_sysbios_knl_Task_defaultStackHeap__C)

.const:ti_sysbios_knl_Task_defaultStackSize__C 
*          0    00001278    00000004     
                  00001278    00000004     app_ble_pem3.oem3 (.const:ti_sysbios_knl_Task_defaultStackSize__C)

.const:ti_sysbios_knl_Task_numConstructedTasks__C 
*          0    0000127c    00000004     
                  0000127c    00000004     app_ble_pem3.oem3 (.const:ti_sysbios_knl_Task_numConstructedTasks__C)

.const:ti_sysbios_family_arm_cc26xx_Timer_Module__id__C 
*          0    00001280    00000002     
                  00001280    00000002     app_ble_pem3.oem3 (.const:ti_sysbios_family_arm_cc26xx_Timer_Module__id__C)

.const:ti_sysbios_family_arm_cc26xx_TimestampProvider_useClockTimer__C 
*          0    00001282    00000002     
                  00001282    00000002     app_ble_pem3.oem3 (.const:ti_sysbios_family_arm_cc26xx_TimestampProvider_useClockTimer__C)

.const:ti_sysbios_family_arm_m3_Hwi_Module__id__C 
*          0    00001284    00000002     
                  00001284    00000002     app_ble_pem3.oem3 (.const:ti_sysbios_family_arm_m3_Hwi_Module__id__C)

.const:ti_sysbios_gates_GateHwi_Module__id__C 
*          0    00001286    00000002     
                  00001286    00000002     app_ble_pem3.oem3 (.const:ti_sysbios_gates_GateHwi_Module__id__C)

.const:ti_sysbios_gates_GateMutex_Module__id__C 
*          0    00001288    00000002     
                  00001288    00000002     app_ble_pem3.oem3 (.const:ti_sysbios_gates_GateMutex_Module__id__C)

.const:ti_sysbios_heaps_HeapMem_Module__id__C 
*          0    0000128a    00000002     
                  0000128a    00000002     app_ble_pem3.oem3 (.const:ti_sysbios_heaps_HeapMem_Module__id__C)

.const:ti_sysbios_knl_Task_initStackFlag__C 
*          0    0000128c    00000002     
                  0000128c    00000002     app_ble_pem3.oem3 (.const:ti_sysbios_knl_Task_initStackFlag__C)

.const:ti_sysbios_knl_Clock_tickMode__C 
*          0    0000128e    00000001     
                  0000128e    00000001     app_ble_pem3.oem3 (.const:ti_sysbios_knl_Clock_tickMode__C)

.const:xdc_runtime_Startup_firstFxns__C 
*          0    00001290    00000008     
                  00001290    00000008     app_ble_pem3.oem3 (.const:xdc_runtime_Startup_firstFxns__C)

.const:xdc_runtime_Startup_lastFxns__C 
*          0    00001298    00000008     
                  00001298    00000008     app_ble_pem3.oem3 (.const:xdc_runtime_Startup_lastFxns__C)

.const:xdc_runtime_Assert_E_assertFailed__C 
*          0    000012a0    00000004     
                  000012a0    00000004     app_ble_pem3.oem3 (.const:xdc_runtime_Assert_E_assertFailed__C)

.const:xdc_runtime_Error_E_memory__C 
*          0    000012a4    00000004     
                  000012a4    00000004     app_ble_pem3.oem3 (.const:xdc_runtime_Error_E_memory__C)

.const:xdc_runtime_Error_policyFxn__C 
*          0    000012a8    00000004     
                  000012a8    00000004     app_ble_pem3.oem3 (.const:xdc_runtime_Error_policyFxn__C)

.const:xdc_runtime_Error_raiseHook__C 
*          0    000012ac    00000004     
                  000012ac    00000004     app_ble_pem3.oem3 (.const:xdc_runtime_Error_raiseHook__C)

.const:xdc_runtime_IGateProvider_Interface__BASE__C 
*          0    000012b0    00000004     
                  000012b0    00000004     app_ble_pem3.oem3 (.const:xdc_runtime_IGateProvider_Interface__BASE__C)

.const:xdc_runtime_IHeap_Interface__BASE__C 
*          0    000012b4    00000004     
                  000012b4    00000004     app_ble_pem3.oem3 (.const:xdc_runtime_IHeap_Interface__BASE__C)

.const:xdc_runtime_IModule_Interface__BASE__C 
*          0    000012b8    00000004     
                  000012b8    00000004     app_ble_pem3.oem3 (.const:xdc_runtime_IModule_Interface__BASE__C)

.const:xdc_runtime_Memory_defaultHeapInstance__C 
*          0    000012bc    00000004     
                  000012bc    00000004     app_ble_pem3.oem3 (.const:xdc_runtime_Memory_defaultHeapInstance__C)

.const:xdc_runtime_Startup_execImpl__C 
*          0    000012c0    00000004     
                  000012c0    00000004     app_ble_pem3.oem3 (.const:xdc_runtime_Startup_execImpl__C)

.const:xdc_runtime_Startup_maxPasses__C 
*          0    000012c4    00000004     
                  000012c4    00000004     app_ble_pem3.oem3 (.const:xdc_runtime_Startup_maxPasses__C)

.const:xdc_runtime_Startup_sfxnRts__C 
*          0    000012c8    00000004     
                  000012c8    00000004     app_ble_pem3.oem3 (.const:xdc_runtime_Startup_sfxnRts__C)

.const:xdc_runtime_Startup_sfxnTab__C 
*          0    000012cc    00000004     
                  000012cc    00000004     app_ble_pem3.oem3 (.const:xdc_runtime_Startup_sfxnTab__C)

.const:xdc_runtime_Startup_startModsFxn__C 
*          0    000012d0    00000004     
                  000012d0    00000004     app_ble_pem3.oem3 (.const:xdc_runtime_Startup_startModsFxn__C)

.const:xdc_runtime_SysCallback_abortFxn__C 
*          0    000012d4    00000004     
                  000012d4    00000004     app_ble_pem3.oem3 (.const:xdc_runtime_SysCallback_abortFxn__C)

.const:xdc_runtime_SysCallback_exitFxn__C 
*          0    000012d8    00000004     
                  000012d8    00000004     app_ble_pem3.oem3 (.const:xdc_runtime_SysCallback_exitFxn__C)

.const:xdc_runtime_System_abortFxn__C 
*          0    000012dc    00000004     
                  000012dc    00000004     app_ble_pem3.oem3 (.const:xdc_runtime_System_abortFxn__C)

.const:xdc_runtime_System_exitFxn__C 
*          0    000012e0    00000004     
                  000012e0    00000004     app_ble_pem3.oem3 (.const:xdc_runtime_System_exitFxn__C)

.const:xdc_runtime_System_maxAtexitHandlers__C 
*          0    000012e4    00000004     
                  000012e4    00000004     app_ble_pem3.oem3 (.const:xdc_runtime_System_maxAtexitHandlers__C)

.const:xdc_runtime_Text_charTab__C 
*          0    000012e8    00000004     
                  000012e8    00000004     app_ble_pem3.oem3 (.const:xdc_runtime_Text_charTab__C)

.const:xdc_runtime_Text_nameEmpty__C 
*          0    000012ec    00000004     
                  000012ec    00000004     app_ble_pem3.oem3 (.const:xdc_runtime_Text_nameEmpty__C)

.const:xdc_runtime_Text_nameStatic__C 
*          0    000012f0    00000004     
                  000012f0    00000004     app_ble_pem3.oem3 (.const:xdc_runtime_Text_nameStatic__C)

.const:xdc_runtime_Text_nameUnknown__C 
*          0    000012f4    00000004     
                  000012f4    00000004     app_ble_pem3.oem3 (.const:xdc_runtime_Text_nameUnknown__C)

.const:xdc_runtime_Error_maxDepth__C 
*          0    000012f8    00000002     
                  000012f8    00000002     app_ble_pem3.oem3 (.const:xdc_runtime_Error_maxDepth__C)

.const:xdc_runtime_Memory_Module__id__C 
*          0    000012fa    00000002     
                  000012fa    00000002     app_ble_pem3.oem3 (.const:xdc_runtime_Memory_Module__id__C)

.const:xdc_runtime_Text_charCnt__C 
*          0    000012fc    00000002     
                  000012fc    00000002     app_ble_pem3.oem3 (.const:xdc_runtime_Text_charCnt__C)

.const:xdc_runtime_Text_isLoaded__C 
*          0    000012fe    00000002     
                  000012fe    00000002     app_ble_pem3.oem3 (.const:xdc_runtime_Text_isLoaded__C)

.const:xdc_runtime_Error_policy__C 
*          0    00001300    00000001     
                  00001300    00000001     app_ble_pem3.oem3 (.const:xdc_runtime_Error_policy__C)

.const:ti_sysbios_rom_ROM_ti_sysbios_family_arm_cc26xx_Timer_getCount64__E 
*          0    00001304    00000004     
                  00001304    00000004     app_ble_pem3.oem3 (.const:ti_sysbios_rom_ROM_ti_sysbios_family_arm_cc26xx_Timer_getCount64__E)

.const:ti_sysbios_rom_ROM_ti_sysbios_family_arm_cc26xx_Timer_getCurrentTick__E 
*          0    00001308    00000004     
                  00001308    00000004     app_ble_pem3.oem3 (.const:ti_sysbios_rom_ROM_ti_sysbios_family_arm_cc26xx_Timer_getCurrentTick__E)

.const:ti_sysbios_rom_ROM_ti_sysbios_family_arm_cc26xx_Timer_getMaxTicks__E 
*          0    0000130c    00000004     
                  0000130c    00000004     app_ble_pem3.oem3 (.const:ti_sysbios_rom_ROM_ti_sysbios_family_arm_cc26xx_Timer_getMaxTicks__E)

.const:ti_sysbios_rom_ROM_ti_sysbios_family_arm_cc26xx_Timer_initDevice__I 
*          0    00001310    00000004     
                  00001310    00000004     app_ble_pem3.oem3 (.const:ti_sysbios_rom_ROM_ti_sysbios_family_arm_cc26xx_Timer_initDevice__I)

.const:ti_sysbios_rom_ROM_ti_sysbios_family_arm_cc26xx_Timer_setNextTick__E 
*          0    00001314    00000004     
                  00001314    00000004     app_ble_pem3.oem3 (.const:ti_sysbios_rom_ROM_ti_sysbios_family_arm_cc26xx_Timer_setNextTick__E)

.const:ti_sysbios_rom_ROM_ti_sysbios_family_arm_cc26xx_Timer_setThreshold__I 
*          0    00001318    00000004     
                  00001318    00000004     app_ble_pem3.oem3 (.const:ti_sysbios_rom_ROM_ti_sysbios_family_arm_cc26xx_Timer_setThreshold__I)

.const:ti_sysbios_rom_ROM_ti_sysbios_family_arm_cc26xx_Timer_start__E 
*          0    0000131c    00000004     
                  0000131c    00000004     app_ble_pem3.oem3 (.const:ti_sysbios_rom_ROM_ti_sysbios_family_arm_cc26xx_Timer_start__E)

.const:ti_sysbios_rom_ROM_ti_sysbios_family_arm_cc26xx_TimestampProvider_get32__E 
*          0    00001320    00000004     
                  00001320    00000004     app_ble_pem3.oem3 (.const:ti_sysbios_rom_ROM_ti_sysbios_family_arm_cc26xx_TimestampProvider_get32__E)

.const:ti_sysbios_rom_ROM_xdc_runtime_Startup_getState__I 
*          0    00001324    00000004     
                  00001324    00000004     app_ble_pem3.oem3 (.const:ti_sysbios_rom_ROM_xdc_runtime_Startup_getState__I)

.const:ti_sysbios_rom_ROM_xdc_runtime_System_SupportProxy_abort__E 
*          0    00001328    00000004     
                  00001328    00000004     app_ble_pem3.oem3 (.const:ti_sysbios_rom_ROM_xdc_runtime_System_SupportProxy_abort__E)

.const:ti_sysbios_rom_ROM_xdc_runtime_System_SupportProxy_exit__E 
*          0    0000132c    00000004     
                  0000132c    00000004     app_ble_pem3.oem3 (.const:ti_sysbios_rom_ROM_xdc_runtime_System_SupportProxy_exit__E)

.text.2    0    00001330    0000d088     
                  00001330    00000588     peripheral.obj (.text:gapRole_taskFxn$13)
                  000018b8    0000033c     RFCC26XX_singleMode.obj (.text:fsmActiveState$3)
                  00001bf4    0000033c     rom_sysbios.aem3 : rom_sysbios.obj (.text:xdc_runtime_System_doPrint__I)
                  00001f30    00000300     cc2640_ll_pxxx.a : ll_scheduler.o (.text)
                  00002230    000002e4                      : ll.o (.text)
                  00002514    000002bc     simple_peripheral_cc2640r2lp_stack_library.lib : icall_startup.obj (.text:startup_entry)
                  000027d0    00000294     peripheral.obj (.text:GAPRole_SetParameter)
                  00002a64    00000258     drivers_cc26x0r2.aem3 : CryptoCC26XX.oem3 (.text:cryptoTransactionExecute)
                  00002cbc    00000244                           : PowerCC26XX.oem3 (.text:Power_sleep)
                  00002f00    00000238     cc26xx_profiles_pxxx.a : gapgattserver.o (.text)
                  00003138    0000022c     simple_peripheral_cc2640r2lp_stack_library.lib : gapbondmgr.obj (.text:GAPBondMgr_SetParameter)
                  00003364    00000220     RFCC26XX_singleMode.obj (.text:RF_open)
                  00003584    00000220     cc2640_ll_pxxx.a : ll_isr.o (.text)
                  000037a4    00000214                      : ll_common.o (.text)
                  000039b8    00000210     driverlib.lib : sys_ctrl.obj (.text:NOROM_SysCtrlSetRechargeBeforePowerDown)
                  00003bc8    00000204     cc26xx_profiles_pxxx.a : gattservapp.o (.text)
                  00003dcc    00000204     cc26xx_sm_pxxx.a : sm_pairing.o (.text)
                  00003fd0    000001f4     rtsv7M3_T_le_eabi.lib : ull_div_t2.obj (.text)
                  000041c4    000001e4     simple_peripheral_cc2640r2lp_stack_library.lib : gapbondmgr.obj (.text:GAPBondMgr_ProcessGAPMsg)
                  000043a8    000001dc     RFCC26XX_singleMode.obj (.text:fsmSetupState$3)
                  00004584    000001d0     simple_peripheral_cc2640r2lp_stack_library.lib : gapbondmgr.obj (.text:gapBondMgrAddBond$29)
                  00004754    000001c4     simple_peripheral.obj (.text:SimpleBLEPeripheral_processStateChangeEvt$0)
                  00004918    000001c4     cc2640_ll_pxxx.a : ll_isr.o (.text)
                  00004adc    000001c0     simple_peripheral_cc2640r2lp_stack_library.lib : osal.obj (.text:osal_start_system)
                  00004c9c    000001bc     main.obj (.text:AssertHandler)
                  00004e58    000001bc     drivers_cc26x0r2.aem3 : PINCC26XX.oem3 (.text:PIN_init)
                  00005014    000001bc     RFCC26XX_singleMode.obj (.text:hwiFxnCpe0Active$3)
                  000051d0    000001a8     cc2640_ll_pxxx.a : ll_isr.o (.text)
                  00005378    00000194     ECCROMCC26XX.obj (.text:ECCROMCC26XX_genDHKey)
                  0000550c    00000190     drivers_cc26x0r2.aem3 : PowerCC26XX_calibrateRCOSC.oem3 (.text:PowerCC26XX_doCalibrate)
                  0000569c    00000190     simple_peripheral_cc2640r2lp_stack_library.lib : gapbondmgr.obj (.text:gapBondMgrAuthenticate$29)
                  0000582c    00000190     icall.obj (.text:icall_directAPI)
                  000059bc    0000016c     cc2640_ll_pxxx.a : ll.o (.text)
                  00005b28    0000015c     drivers_cc26x0r2.aem3 : UARTCC26XX.oem3 (.text:UARTCC26XX_open)
                  00005c84    00000150     simple_peripheral_cc2640r2lp_stack_library.lib : gapbondmgr.obj (.text:GAPBondMgr_ProcessEvent)
                  00005dd4    0000012c     drivers_cc26x0r2.aem3 : PowerCC26XX.oem3 (.text:Power_init)
                  00005f00    00000128     ECCROMCC26XX.obj (.text:ECCROMCC26XX_genKeys)
                  00006028    00000128     cc2640_ll_pxxx.a : ll_scheduler.o (.text)
                  00006150    00000128     simple_peripheral_cc2640r2lp_stack_library.lib : gapbondmgr.obj (.text:gapBondMgrEraseBonding$29)
                  00006278    00000124     peripheral.obj (.text:GAPRole_GetParameter)
                  0000639c    0000011c     drivers_cc26x0r2.aem3 : UARTCC26XX.oem3 (.text:UARTCC26XX_read)
                  000064b8    0000011c     simple_peripheral_cc2640r2lp_stack_library.lib : osal_snv_wrapper.obj (.text:compactPage$26)
                  000065d4    00000112     drivers_cc26x0r2.aem3 : UARTCC26XX.oem3 (.text:UARTCC26XX_hwiIntFxn)
                  000066e6    00000112     cc26xx_gatt_pxxx.a : gatt_server.o (.text)
                  000067f8    00000100     RFCC26XX_singleMode.obj (.text:radioOpDoneCb$3)
                  000068f8    000000fc     RFCC26XX_singleMode.obj (.text:RF_postCmd)
                  000069f4    000000fc     drivers_cc26x0r2.aem3 : UARTCC26XX.oem3 (.text:UARTCC26XX_write)
                  00006af0    000000f8     simple_peripheral_cc2640r2lp_stack_library.lib : osal_snv_wrapper.obj (.text:osal_snv_write)
                  00006be8    000000f8     app_ble_pem3.oem3 (.text:xdc_runtime_System_printfExtend__I)
                  00006ce0    000000ec     simple_peripheral_cc2640r2lp_stack_library.lib : gapbondmgr.obj (.text:GAPBondMgr_LinkEst)
                  00006dcc    000000ec     drivers_cc26x0r2.aem3 : PWMTimerCC26XX.oem3 (.text:PWMTimerCC26XX_open)
                  00006eb8    000000ec     RFCC26XX_singleMode.obj (.text:RF_pendCmd)
                  00006fa4    000000ec     cc26xx_profiles_pxxx.a : gattservapp.o (.text)
                  00007090    000000ec     RFCC26XX_singleMode.obj (.text:fsmPowerUpState$3)
                  0000717c    000000e8     dpl_cc26x0r2.aem3 : PowerCC26XX_tirtos.oem3 (.text:PowerCC26XX_standbyPolicy)
                  00007264    000000e8     simple_peripheral_cc2640r2lp_stack_library.lib : osal_timers.obj (.text:osalTimerUpdate)
                  0000734c    000000e4     cc26xx_sm_pxxx.a : sm_pairing.o (.text)
                  00007430    000000dc     drivers_cc26x0r2.aem3 : PINCC26XX.oem3 (.text:PINCC26XX_setIoCfg)
                  0000750c    000000d4                           : CryptoCC26XX.oem3 (.text:CryptoCC26XX_open)
                  000075e0    000000d4     main.obj (.text:main)
                  000076b4    000000d4     simple_gatt_profile.obj (.text:simpleProfile_WriteAttrCB$14)
                  00007788    000000c4     cc26xx_sm_pxxx.a : sm_pairing.o (.text)
                  0000784c    000000c0     simple_gatt_profile.obj (.text:SimpleProfile_SetParameter)
                  0000790c    000000c0     simple_peripheral_cc2640r2lp_stack_library.lib : osal.obj (.text:osal_set_event)
                  000079cc    000000bc     drivers_cc26x0r2.aem3 : GPTimerCC26XX.oem3 (.text:GPTimerCC26XX_open)
                  00007a88    000000bc                           : PowerCC26XX.oem3 (.text:Power_releaseDependency)
                  00007b44    000000b8     driverlib.lib : setup.obj (.text:NOROM_SetupTrimDevice)
                  00007bfc    000000b8     cc2640_ll_pxxx.a : ll_scheduler.o (.text)
                  00007cb4    000000b4     drivers_cc26x0r2.aem3 : PowerCC26XX.oem3 (.text:Power_setDependency)
                  00007d68    000000b4     devinfoservice.obj (.text:devInfo_ReadAttrCB$10)
                  00007e1c    000000b0     TRNGCC26XX.obj (.text:TRNGCC26XX_getNumber)
                  00007ecc    000000b0     drivers_cc26x0r2.aem3 : UARTCC26XX.oem3 (.text:UARTCC26XX_initHw)
                  00007f7c    000000b0     RFCC26XX_singleMode.obj (.text:abortCmd$3)
                  0000802c    000000ac     display.aem3 : DisplayUart.oem3 (.text:DisplayUartAnsi_clearLines)
                  000080d8    000000a8     RFCC26XX_singleMode.obj (.text:swiFxnHw$3)
                  00008180    000000a7     display.aem3 : DisplayUart.oem3 (.text:DisplayUartAnsi_open)
                  00008227    00000001     --HOLE-- [fill = 0]
                  00008228    000000a4     simple_peripheral_cc2640r2lp_stack_library.lib : gapbondmgr.obj (.text:GAPBondMgr_ResolveAddr)
                  000082cc    000000a4                                                    : osal.obj (.text:osal_msg_enqueue_push$22)
                  00008370    000000a4     drivers_cc26x0r2.aem3 : PowerCC26XX.oem3 (.text:switchXOSCHFclockFunc)
                  00008414    000000a0                           : GPTimerCC26XX.oem3 (.text:GPTimerCC26XX_close)
                  000084b4    000000a0     auto_init.aem3 : auto_init.oem3 (.text)
                  00008554    000000a0     RFCC26XX_singleMode.obj (.text:discardPendCmd$3)
                  000085f4    0000009f     display.aem3 : DisplayUart.oem3 (.text:DisplayUartAnsi_vprintf)
                  00008693    00000001     --HOLE-- [fill = 0]
                  00008694    0000009e     simple_peripheral_cc2640r2lp_stack_library.lib : gapbondmgr.obj (.text:gapBondMgrUpdateCharCfg$29)
                  00008732    00000002     ble_user_config.obj (.text:DefaultAssertCback)
                  00008734    0000009e     rom_sysbios.aem3 : rom_sysbios.obj (.text:xdc_runtime_Text_putSite__E)
                  000087d2    00000002     display.aem3 : DisplayUart.oem3 (.text:DisplayUartAnsi_init)
                  000087d4    0000009c     simple_peripheral_cc2640r2lp_stack_library.lib : osal_cbtimer.obj (.text:cbTimerSetup$38)
                  00008870    0000009c     rtsv7M3_T_le_eabi.lib : memcpy_t2.obj (.text)
                  0000890c    00000098     drivers_cc26x0r2.aem3 : PINCC26XX.oem3 (.text:PIN_open)
                  000089a4    00000098                           : UARTCC26XX.oem3 (.text:UARTCC26XX_initIO)
                  00008a3c    00000098     rom_sysbios.aem3 : rom_sysbios.obj (.text:ti_sysbios_knl_Clock_workFuncDynamic__E)
                  00008ad4    00000098                      : rom_sysbios.obj (.text:xdc_runtime_Text_putMod__E)
                  00008b6c    00000094     icall.obj (.text:ICall_setTimer)
                  00008c00    00000094     simple_peripheral_cc2640r2lp_stack_library.lib : osal.obj (.text:osal_msg_receive)
                  00008c94    00000094                                                    : osal_timers.obj (.text:osal_timer_refTimeUpdate)
                  00008d28    00000090     driverlib.lib : crypto.obj (.text:NOROM_CRYPTOAesLoadKey)
                  00008db8    00000090                   : setup.obj (.text:TrimAfterColdResetWakeupFromShutDown$19)
                  00008e48    00000090     cc2640_hci_tl_none.a : hci_tl.o (.text)
                  00008ed8    00000090     cc2640_ll_pxxx.a : ll_enc.o (.text)
                  00008f68    00000090     simple_peripheral_cc2640r2lp_stack_library.lib : osal_cbtimer.obj (.text:osal_CbTimerProcessEvent)
                  00008ff8    0000008c     icall.obj (.text:ICall_heapMalloc)
                  00009084    0000008c     drivers_cc26x0r2.aem3 : UARTCC26XX.oem3 (.text:UARTCC26XX_close)
                  00009110    0000008c                           : UARTCC26XX.oem3 (.text:UARTCC26XX_writeCancel)
                  0000919c    0000008c     RFCC26XX_singleMode.obj (.text:ratFreeChannel$3)
                  00009228    0000008c     drivers_cc26x0r2.aem3 : UARTCC26XX.oem3 (.text:writeFinishedDoCallback)
                  000092b4    00000088                           : CryptoCC26XX.oem3 (.text:CryptoCC26XX_allocateKey)
                  0000933c    00000088     cc2640_ll_pxxx.a : ll.o (.text)
                  000093c4    00000088     cc26xx_profiles_pxxx.a : gapgattserver.o (.text)
                  0000944c    00000088     peripheral.obj (.text:gapRole_startConnUpdate$13)
                  000094d4    00000088     gattservapp_util.obj (.text:gattServApp_SendNotiInd$12)
                  0000955c    00000088     RFCC26XX_singleMode.obj (.text:hwiFxnHw$3)
                  000095e4    00000088     simple_peripheral_cc2640r2lp_stack_library.lib : osal_snv_wrapper.obj (.text:writeWord$26)
                  0000966c    00000086     cc2640_ll_pxxx.a : ll_common.o (.text)
                  000096f2    00000002     simple_peripheral_cc2640r2lp_stack_library.lib : onboard.obj (.text:Onboard_soft_reset)
                  000096f4    00000080     drivers_cc26x0r2.aem3 : PWMTimerCC26XX.oem3 (.text:PWMTimerCC26XX_setPeriod)
                  00009774    0000007c     cc2640_hci_pxxx.a : hci_event.o (.text)
                  000097f0    0000007c     cc2640_ll_pxxx.a : ll_scheduler.o (.text)
                  0000986c    0000007c     cc26xx_gap_pxxx.a : gap_linkmgr.o (.text)
                  000098e8    0000007c     simple_peripheral_cc2640r2lp_stack_library.lib : osal.obj (.text:osal_event_send$22)
                  00009964    0000007c     RFCC26XX_singleMode.obj (.text:rfReleaseConstraint)
                  000099e0    0000007a     rtsv7M3_T_le_eabi.lib : memset_t2.obj (.text)
                  00009a5a    00000002     drivers_cc26x0r2.aem3 : PWMTimerCC26XX.oem3 (.text:PWMTimerCC26XX_init)
                  00009a5c    00000078     simple_peripheral_cc2640r2lp_stack_library.lib : gapbondmgr.obj (.text:GAPBondMgr_syncResolvingList)
                  00009ad4    00000078     cc26xx_profiles_pxxx.a : gattservapp.o (.text)
                  00009b4c    00000078     drivers_cc26x0r2.aem3 : UARTCC26XX.oem3 (.text:writeTxFifoFlush)
                  00009bc4    00000074     cc2640_ll_pxxx.a : ll_common.o (.text)
                  00009c38    00000074     simple_peripheral_cc2640r2lp_stack_library.lib : gapbondmgr.obj (.text:gapBondMgrBondReq$29)
                  00009cac    00000074     rom_sysbios.aem3 : rom_sysbios.obj (.text:ti_sysbios_family_arm_cc26xx_Timer_start__E)
                  00009d20    00000070     icall.obj (.text:ICall_heapGetStats)
                  00009d90    00000070     icall.obj (.text:ICall_heapInit)
                  00009e00    00000070     driverlib.lib : sys_ctrl.obj (.text:NOROM_SysCtrlAdjustRechargeAfterPowerDown)
                  00009e70    00000070     simple_peripheral_cc2640r2lp_stack_library.lib : ble_dispatch_lite.obj (.text:ble_dispatch_liteProcess)
                  00009ee0    00000070     drivers_cc26x0r2.aem3 : PowerCC26XX.oem3 (.text:lfClockReadyCallback)
                  00009f50    0000006d     rom_sysbios.aem3 : rom_sysbios.obj (.text:xdc_runtime_System_formatNum__I)
                  00009fbd    00000001     --HOLE-- [fill = 0]
                  00009fbe    00000002     simple_peripheral_cc2640r2lp_stack_library.lib : sm_ecc.obj (.text:SM_dhKeyCB)
                  00009fc0    0000006c     icall.obj (.text:ICall_sendServiceComplete)
                  0000a02c    0000006c     driverlib.lib : osc.obj (.text:NOROM_OSCHF_AttemptToSwitchToXosc)
                  0000a098    0000006c     drivers_cc26x0r2.aem3 : PowerCC26XX_calibrateRCOSC.oem3 (.text:PowerCC26XX_initiateCalibration)
                  0000a104    0000006c     cc2640_ll_pxxx.a : ll_scheduler.o (.text)
                  0000a170    0000006c     drivers_cc26x0r2.aem3 : PowerCC26XX.oem3 (.text:configureXOSCHF)
                  0000a1dc    0000006c     RFCC26XX_singleMode.obj (.text:ratDispatchTime$3)
                  0000a248    00000068     driverlib.lib : sys_ctrl.obj (.text:NOROM_SysCtrl_DCDC_VoltageConditionalControl)
                  0000a2b0    00000068     simple_peripheral.obj (.text:SimpleBLEPeripheral_freeAttRsp$0)
                  0000a318    00000068     drivers_cc26x0r2.aem3 : UARTCC26XX.oem3 (.text:UARTCC26XX_readCancel)
                  0000a380    00000068     rtsv7M3_T_le_eabi.lib : copy_decompress_lzss.obj (.text:decompress:lzss)
                  0000a3e8    00000068     simple_peripheral_cc2640r2lp_stack_library.lib : osal_cbtimer.obj (.text:osal_CbTimerUpdate)
                  0000a450    00000064     icall.obj (.text:ICall_send)
                  0000a4b4    00000064     drivers_cc26x0r2.aem3 : PINCC26XX.oem3 (.text:PIN_add)
                  0000a518    00000064     cc26xx_profiles_pxxx.a : gattservapp.o (.text)
                  0000a57c    00000060     icall.obj (.text:ICall_createRemoteTasksAtRuntime)
                  0000a5dc    00000060     icall.obj (.text:ICall_enrollService)
                  0000a63c    00000060     RFCC26XX_singleMode.obj (.text:fsmXOSCState$3)
                  0000a69c    0000005e     icall.obj (.text:ICall_fetchMsg)
                  0000a6fa    00000002     simple_peripheral_cc2640r2lp_stack_library.lib : sm_ecc.obj (.text:SM_p256KeyCB)
                  0000a6fc    0000005c     display.aem3 : Display.oem3 (.text:Display_doOpen)
                  0000a758    0000005c     icall.obj (.text:ICall_pwrUpdActivityCounter)
                  0000a7b4    0000005c     drivers_cc26x0r2.aem3 : PowerCC26XX_calibrateRCOSC.oem3 (.text:PowerCC26XX_RCOSC_clockFunc)
                  0000a810    0000005c                           : PowerCC26XX.oem3 (.text:PowerCC26XX_calibrate)
                  0000a86c    0000005c     cc26xx_profiles_pxxx.a : gattservapp.o (.text)
                  0000a8c8    0000005c     simple_gatt_profile.obj (.text:simpleProfile_ReadAttrCB$14)
                  0000a924    0000005c     app_ble_pem3.oem3 (.text:xdc_runtime_Startup_getState__I)
                  0000a980    0000005b     rom_sysbios.aem3 : rom_sysbios.obj (.text:xdc_runtime_Text_putLab__E)
                  0000a9db    00000001     --HOLE-- [fill = 0]
                  0000a9dc    0000005a     RFCC26XX_singleMode.obj (.text:syncCb$3)
                  0000aa36    00000002     RFCC26XX_singleMode.obj (.text:defaultCallback$3)
                  0000aa38    00000058     drivers_cc26x0r2.aem3 : GPTimerCC26XX.oem3 (.text:GPTimerCC26XX_stop)
                  0000aa90    00000058     icall.obj (.text:ICall_wait)
                  0000aae8    00000058     drivers_cc26x0r2.aem3 : PINCC26XX.oem3 (.text:PIN_remove)
                  0000ab40    00000058     RFCC26XX_singleMode.obj (.text:RF_getCurrentTime)
                  0000ab98    00000058     drivers_cc26x0r2.aem3 : UARTCC26XX.oem3 (.text:UARTCC26XX_control)
                  0000abf0    00000058     RFCC26XX_singleMode.obj (.text:dispatchNextEvent$3)
                  0000ac48    00000058     simple_peripheral_cc2640r2lp_stack_library.lib : osal_snv_wrapper.obj (.text:findItem$26)
                  0000aca0    00000058                                                    : gapbondmgr.obj (.text:gapBondMgrReadBonds$29)
                  0000acf8    00000058                                                    : osal_cbtimer.obj (.text:osal_CbTimerStop)
                  0000ad50    00000054     drivers_cc26x0r2.aem3 : GPIOCC26XX.oem3 (.text:GPIO_write)
                  0000ada4    00000054     RFCC26XX_singleMode.obj (.text:cmdDispatchTime$3)
                  0000adf8    00000054     rtsv7M3_T_le_eabi.lib : exit.obj (.text)
                  0000ae4c    00000050     ECCROMCC26XX.obj (.text:ECCROMCC26XX_Params_init)
                  0000ae9c    00000050     simple_peripheral_cc2640r2lp_stack_library.lib : gapbondmgr.obj (.text:GAPBondMgr_LinkTerm)
                  0000aeec    00000050     icall.obj (.text:ICall_registerApp)
                  0000af3c    00000050     simple_peripheral_cc2640r2lp_stack_library.lib : npi.obj (.text:NPI_WriteTransport)
                  0000af8c    00000050     RFCC26XX_singleMode.obj (.text:RF_getInfo)
                  0000afdc    00000050     util.obj (.text:Util_convertBdAddr2Str)
                  0000b02c    00000050     cc26xx_profiles_pxxx.a : gattservapp.o (.text)
                  0000b07c    00000050     drivers_cc26x0r2.aem3 : UARTCC26XX.oem3 (.text:startTxFifoEmptyClk)
                  0000b0cc    0000004c                           : GPTimerCC26XX.oem3 (.text:GPTimerCC26XX_start)
                  0000b118    0000004c     icall.obj (.text:ICall_newTask$5)
                  0000b164    0000004c     drivers_cc26x0r2.aem3 : PWMTimerCC26XX.oem3 (.text:PWMTimerCC26XX_getdutyCounts)
                  0000b1b0    0000004c     RFCC26XX_singleMode.obj (.text:RF_wakeupNotifyFxn$3)
                  0000b1fc    0000004c     simple_peripheral.obj (.text:SimpleBLEPeripheral_enqueueMsg$0)
                  0000b248    0000004c     simple_peripheral_cc2640r2lp_stack_library.lib : gapbondmgr.obj (.text:gapBondMgrUpdateLruBondList$29)
                  0000b294    0000004c                                                    : osal_bufmgr.obj (.text:osal_bm_free)
                  0000b2e0    0000004c     rtsv7M3_T_le_eabi.lib : cpy_tbl.obj (.text)
                  0000b32c    00000048     dpl_cc26x0r2.aem3 : ClockP_tirtos.oem3 (.text:ClockP_construct)
                  0000b374    00000048     ECCROMCC26XX.obj (.text:ECC_initGlobals$2)
                  0000b3bc    00000048     drivers_cc26x0r2.aem3 : PINCC26XX.oem3 (.text:PIN_setOutputEnable)
                  0000b404    00000048     RFCC26XX_singleMode.obj (.text:Q_push$3)
                  0000b44c    00000048     util.obj (.text:Util_constructClock)
                  0000b494    00000048     simple_peripheral.obj (.text:app_PWM_init)
                  0000b4dc    00000048     simple_peripheral_cc2640r2lp_stack_library.lib : osal_timers.obj (.text:osalAddTimer)
                  0000b524    00000048     rom_sysbios.aem3 : rom_sysbios.obj (.text:ti_sysbios_family_arm_cc26xx_Timer_setThreshold__I)
                  0000b56c    00000044     drivers_cc26x0r2.aem3 : CryptoCC26XX.oem3 (.text:CryptoCC26XX_loadKey)
                  0000b5b0    00000044     driverlib.lib : osc.obj (.text:NOROM_OSCHF_SwitchToRcOscTurnOffXosc)
                  0000b5f4    00000044     drivers_cc26x0r2.aem3 : RingBuf.oem3 (.text:RingBuf_put)
                  0000b638    00000044     simple_gatt_profile.obj (.text:SimpleProfile_GetParameter)
                  0000b67c    00000044     boot.aem3 : boot.oem3 (.text)
                  0000b6c0    00000044     cc2640_ll_pxxx.a : ll_scheduler.o (.text)
                  0000b704    00000044     cc26xx_profiles_pxxx.a : gattservapp.o (.text)
                  0000b748    00000044     simple_peripheral_cc2640r2lp_stack_library.lib : osal_snv_wrapper.obj (.text:erasePage$26)
                  0000b78c    00000044     drivers_cc26x0r2.aem3 : PowerCC26XX.oem3 (.text:notify)
                  0000b7d0    00000044     simple_peripheral_cc2640r2lp_stack_library.lib : osal_timers.obj (.text:osal_start_timerEx)
                  0000b814    00000044     rom_sysbios.aem3 : rom_sysbios.obj (.text:xdc_runtime_Text_xprintf__I)
                  0000b858    00000042     simple_peripheral_cc2640r2lp_stack_library.lib : gapbondmgr.obj (.text:GAPBondMgr_UpdateCharCfg)
                  0000b89a    00000042                                                    : gap.obj (.text:GAP_DeviceInit)
                  0000b8dc    00000040     ECCROMCC26XX.obj (.text:ECCROMCC26XX_init)
                  0000b91c    00000040     peripheral.obj (.text:GAPRole_createTask)
                  0000b95c    00000040     drivers_cc26x0r2.aem3 : PINCC26XX.oem3 (.text:PIN_swi)
                  0000b99c    00000040                           : PWMTimerCC26XX.oem3 (.text:PWMTimerCC26XX_setDuty)
                  0000b9dc    00000040                           : PWM.oem3 (.text:PWM_init)
                  0000ba1c    00000040                           : PWM.oem3 (.text:PWM_open)
                  0000ba5c    00000040                           : PowerCC26XX.oem3 (.text:PowerCC26XX_isStableXOSC_HF)
                  0000ba9c    00000040                           : UART.oem3 (.text:UART_init)
                  0000badc    00000040                           : UART.oem3 (.text:UART_open)
                  0000bb1c    00000040     cc26xx_profiles_pxxx.a : gattservapp.o (.text)
                  0000bb5c    00000040                            : gattservapp.o (.text)
                  0000bb9c    00000040     rtsv7M3_T_le_eabi.lib : u_divt2.obj (.text)
                  0000bbdc    00000040     rom_sysbios.aem3 : rom_sysbios.obj (.text:ti_sysbios_heaps_HeapCallback_Module_startup__E)
                  0000bc1c    0000003e     dpl_cc26x0r2.aem3 : HwiP_tirtos.oem3 (.text:HwiP_construct)
                  0000bc5a    0000003e     drivers_cc26x0r2.aem3 : RingBuf.oem3 (.text:RingBuf_get)
                  0000bc98    0000003c     driverlib.lib : osc.obj (.text:NOROM_OSC_HPOSCRelativeFrequencyOffsetGet)
                  0000bcd4    0000003c     simple_peripheral.obj (.text:SimpleBLEPeripheral_createTask)
                  0000bd10    0000003c     dpl_cc26x0r2.aem3 : SwiP_tirtos.oem3 (.text:SwiP_construct)
                  0000bd4c    0000003c     cc2640_hci_tl_none.a : hci_tl.o (.text)
                  0000bd88    0000003c     cc2640_ll_pxxx.a : ll_scheduler.o (.text)
                  0000bdc4    0000003c     cc26xx_profiles_pxxx.a : gattservapp.o (.text)
                  0000be00    0000003c                            : gattservapp.o (.text)
                  0000be3c    0000003c     drivers_cc26x0r2.aem3 : PowerCC26XX.oem3 (.text:disableLfClkQualifiersEnableClkLoss)
                  0000be78    0000003c     simple_peripheral_cc2640r2lp_stack_library.lib : osal_bufmgr.obj (.text:osal_bm_alloc)
                  0000beb4    0000003c                                                    : osal_timers.obj (.text:osal_start_reload_timer)
                  0000bef0    0000003c     rom_sysbios.aem3 : rom_sysbios.obj (.text:ti_sysbios_family_arm_m3_Hwi_construct2__E)
                  0000bf2c    00000038     drivers_cc26x0r2.aem3 : PINCC26XX.oem3 (.text:PIN_setOutputValue)
                  0000bf64    00000038                           : UARTCC26XX.oem3 (.text:UARTCC26XX_swiIntFxn)
                  0000bf9c    00000038     util.obj (.text:Util_restartClock)
                  0000bfd4    00000038     cc2640_ll_pxxx.a : ll_scheduler.o (.text)
                  0000c00c    00000038                      : ll_scheduler.o (.text)
                  0000c044    00000038     cc26xx_l2cap_pxxx.a : l2cap_util.o (.text)
                  0000c07c    00000038     simple_peripheral_cc2640r2lp_stack_library.lib : osal_snv_wrapper.obj (.text:disableCache$26)
                  0000c0b4    00000038                                                    : osal.obj (.text:osal_alien2proxy)
                  0000c0ec    00000038                                                    : osal.obj (.text:osal_msec_timer_cback$22)
                  0000c124    00000038                                                    : osal_timers.obj (.text:osal_stop_timerEx)
                  0000c15c    00000038     rom_sysbios.aem3 : rom_sysbios.obj (.text:ti_sysbios_family_arm_cc26xx_Timer_getCurrentTick__E)
                  0000c194    00000036     RFCC26XX_singleMode.obj (.text:calculateDispatchTime$3)
                  0000c1ca    00000002     drivers_cc26x0r2.aem3 : PowerCC26XX.oem3 (.text:emptyClockFunc)
                  0000c1cc    00000034     gattservapp_util.obj (.text:GATTServApp_InitCharCfg)
                  0000c200    00000034     drivers_cc26x0r2.aem3 : GPTimerCC26XX.oem3 (.text:GPTimerCC26XXSetLoadMatch)
                  0000c234    00000034     icall.obj (.text:ICall_heapFree)
                  0000c268    00000034     icall.obj (.text:ICall_searchServiceEntity)
                  0000c29c    00000034     drivers_cc26x0r2.aem3 : PINCC26XX.oem3 (.text:PIN_setConfig)
                  0000c2d0    00000034                           : PowerCC26XX.oem3 (.text:Power_releaseConstraint)
                  0000c304    00000034     cc2640_ll_pxxx.a : ll_isr.o (.text)
                  0000c338    00000034                      : ll_scheduler.o (.text)
                  0000c36c    00000034     simple_peripheral_cc2640r2lp_stack_library.lib : osal.obj (.text:osal_clear_event)
                  0000c3a0    00000034     RFCC26XX_singleMode.obj (.text:runDirectImmediateCmd$3)
                  0000c3d4    00000034     rom_sysbios.aem3 : rom_sysbios.obj (.text:ti_sysbios_family_arm_cc26xx_Timer_initDevice__I)
                  0000c408    00000032     icall.obj (.text:ICall_fetchServiceMsg)
                  0000c43a    00000032     rom_sysbios.aem3 : rom_sysbios.obj (.text:ti_sysbios_family_arm_cc26xx_Timer_setNextTick__E)
                  0000c46c    00000030     simple_peripheral_cc2640r2lp_stack_library.lib : gapbondmgr.obj (.text:GAPBondMgr_PasscodeRsp)
                  0000c49c    00000030     peripheral.obj (.text:GAPRole_TerminateConnection)
                  0000c4cc    00000030     simple_peripheral_cc2640r2lp_stack_library.lib : hal_flash_wrapper.obj (.text:HalFlashRead)
                  0000c4fc    00000030     icall.obj (.text:ICall_dispatch$5)
                  0000c52c    00000030     icall.obj (.text:ICall_msecs2Ticks$5)
                  0000c55c    00000030     icall.obj (.text:ICall_primEntityId2ServiceId$5)
                  0000c58c    00000030     icall.obj (.text:ICall_searchTask$5)
                  0000c5bc    00000030     drivers_cc26x0r2.aem3 : PowerCC26XX.oem3 (.text:Power_setConstraint)
                  0000c5ec    00000030     RFCC26XX_singleMode.obj (.text:RF_runCmd)
                  0000c61c    00000030     cc26xx_gap_pxxx.a : gap_configmgr.o (.text)
                  0000c64c    00000030     cc26xx_profiles_pxxx.a : gattservapp.o (.text)
                  0000c67c    00000030     simple_peripheral_cc2640r2lp_stack_library.lib : gapbondmgr.obj (.text:gapBondMgr_SyncWhiteList$29)
                  0000c6ac    00000030     RFCC26XX_singleMode.obj (.text:getCmd$3)
                  0000c6dc    00000030     simple_peripheral_cc2640r2lp_stack_library.lib : osal_timers.obj (.text:osal_get_timeoutEx)
                  0000c70c    00000030     app_ble_pem3.oem3 (.text:ti_sysbios_BIOS_atExitFunc__I)
                  0000c73c    00000030     app_ble_pem3.oem3 (.text:ti_sysbios_BIOS_startFunc__I)
                  0000c76c    00000030     app_ble_pem3.oem3 (.text:ti_sysbios_heaps_HeapCallback_Object__create__S)
                  0000c79c    0000002f     rom_sysbios.aem3 : rom_sysbios.obj (.text:xdc_runtime_Text_printVisFxn__I)
                  0000c7cb    00000001     --HOLE-- [fill = 0]
                  0000c7cc    0000002e     icall_cc2650.obj (.text:ICallPlatform_pwrDispenseImpl$6)
                  0000c7fa    0000002e     icall_cc2650.obj (.text:ICallPlatform_pwrRequireImpl$6)
                  0000c828    0000002e     cc26xx_profiles_pxxx.a : gattservapp.o (.text)
                  0000c856    0000002e     drivers_cc26x0r2.aem3 : CryptoCC26XX.oem3 (.text:cryptoTransactionPend)
                  0000c884    0000002e     simple_peripheral_cc2640r2lp_stack_library.lib : osal.obj (.text:osal_build_uint32)
                  0000c8b2    0000002e     drivers_cc26x0r2.aem3 : UARTCC26XX.oem3 (.text:readData)
                  0000c8e0    0000002e                           : UARTCC26XX.oem3 (.text:writeData)
                  0000c90e    00000002     simple_peripheral_cc2640r2lp_stack_library.lib : hal_assert.obj (.text:halAssertHandler)
                  0000c910    0000002c     icall.obj (.text:ICall_getLocalMsgEntityId)
                  0000c93c    0000002c     icall.obj (.text:ICall_msgEnqueue$5)
                  0000c968    0000002c     driverlib.lib : chipinfo.obj (.text:NOROM_ChipInfo_GetChipFamily)
                  0000c994    0000002c     drivers_cc26x0r2.aem3 : PINCC26XX.oem3 (.text:PINCC26XX_setMux)
                  0000c9c0    0000002c                           : PWMTimerCC26XX.oem3 (.text:PWMTimerCC26XX_close)
                  0000c9ec    0000002c     dpl_cc26x0r2.aem3 : SemaphoreP_tirtos.oem3 (.text:SemaphoreP_constructBinary)
                  0000ca18    0000002c                       : SemaphoreP_tirtos.oem3 (.text:SemaphoreP_createBinary)
                  0000ca44    0000002c     simple_peripheral_cc2640r2lp_stack_library.lib : ble_dispatch_lite.obj (.text:bleDispatch_BMAlloc)
                  0000ca70    0000002c     RFCC26XX_singleMode.obj (.text:calculateDeltaTimeUs$3)
                  0000ca9c    0000002c     cc26xx_profiles_pxxx.a : gattservapp.o (.text)
                  0000cac8    0000002c     cc26xx_sm_pxxx.a : sm_pairing.o (.text)
                  0000caf4    0000002c     RFCC26XX_singleMode.obj (.text:executeDirectImmediateCmd$3)
                  0000cb20    0000002c     simple_peripheral_cc2640r2lp_stack_library.lib : osal_snv_wrapper.obj (.text:findOffset$26)
                  0000cb4c    0000002c                                                    : gapbondmgr.obj (.text:gapBondMgrFindAddr$29)
                  0000cb78    0000002c     rom_sysbios.aem3 : rom_sysbios.obj (.text:ti_sysbios_knl_Clock_getTicksUntilInterrupt__E)
                  0000cba4    0000002a     display.aem3 : DisplayUart.oem3 (.text:DisplayUartAnsi_clear)
                  0000cbce    0000002a                  : Display.oem3 (.text:Display_doPrintf)
                  0000cbf8    0000002a     rom_sysbios.aem3 : rom_sysbios.obj (.text:ti_sysbios_knl_Clock_getTimeout__E)
                  0000cc22    0000002a                      : rom_sysbios.obj (.text:xdc_runtime_System_putchar__I)
                  0000cc4c    00000028     drivers_cc26x0r2.aem3 : GPTimerCC26XX.oem3 (.text:GPTimerCC26XX_configureDebugStall)
                  0000cc74    00000028     driverlib.lib : rfc.obj (.text:NOROM_RFCDoorbellSendTo)
                  0000cc9c    00000028     drivers_cc26x0r2.aem3 : PowerCC26XX.oem3 (.text:Power_registerNotify)
                  0000ccc4    00000028     driverlib.lib : adi.obj (.text:SafeHapiVoid)
                  0000ccec    00000028     TRNGCC26XX.obj (.text:TRNGCC26XX_init)
                  0000cd14    00000028     simple_peripheral_cc2640r2lp_stack_library.lib : gapbondmgr.obj (.text:gapBondMgrBondTotal$29)
                  0000cd3c    00000028                                                    : osal_bufmgr.obj (.text:osal_bm_adjust_header)
                  0000cd64    00000028                                                    : osal_timers.obj (.text:osal_next_timeout)
                  0000cd8c    00000028                                                    : osal_snv_wrapper.obj (.text:osal_snv_compact)
                  0000cdb4    00000028     drivers_cc26x0r2.aem3 : UARTCC26XX.oem3 (.text:readData2RingBuf)
                  0000cddc    00000026     simple_peripheral_cc2640r2lp_stack_library.lib : gapbondmgr.obj (.text:gapBondMgrGetStateFlags$29)
                  0000ce02    00000002                                                    : hal_assert.obj (.text:halAssertSpinlock)
                  0000ce04    00000024     drivers_cc26x0r2.aem3 : CryptoCC26XX.oem3 (.text:CryptoCC26XX_hwiIntFxn)
                  0000ce28    00000024     driverlib.lib : chipinfo.obj (.text:NOROM_ChipInfo_GetChipType)
                  0000ce4c    00000024                   : osc.obj (.text:NOROM_OSCHF_TurnOnXosc)
                  0000ce70    00000024     drivers_cc26x0r2.aem3 : PWMTimerCC26XX.oem3 (.text:PWMTimerCC26XX_start)
                  0000ce94    00000024     simple_peripheral_cc2640r2lp_stack_library.lib : osal_bufmgr.obj (.text:bm_desc_from_payload$23)
                  0000ceb8    00000024     cc26xx_profiles_pxxx.a : gapgattserver.o (.text)
                  0000cedc    00000024     RFCC26XX_singleMode.obj (.text:hwiFxnCpe0PowerFsm$3)
                  0000cf00    00000024     simple_peripheral_cc2640r2lp_stack_library.lib : osal.obj (.text:osal_msg_allocate)
                  0000cf24    00000024                                                    : osal.obj (.text:osal_service_entry)
                  0000cf48    00000024     app_ble_pem3.oem3 (.text:ti_sysbios_BIOS_registerRTSLock__I)
                  0000cf6c    00000024     app_ble_pem3.oem3 (.text:ti_sysbios_BIOS_removeRTSLock__I)
                  0000cf90    00000024     rom_sysbios.aem3 : rom_sysbios.obj (.text:ti_sysbios_family_arm_cc26xx_Timer_getMaxTicks__E)
                  0000cfb4    00000022     icall.obj (.text:ICall_setTimerMSecs)
                  0000cfd6    00000022     drivers_cc26x0r2.aem3 : List.oem3 (.text:List_put)
                  0000cff8    00000022     driverlib.lib : uart.obj (.text:NOROM_UARTConfigSetExpClk)
                  0000d01a    00000022     cc26xx_profiles_pxxx.a : gattservapp.o (.text)
                  0000d03c    00000020     simple_peripheral_cc2640r2lp_stack_library.lib : hal_flash_wrapper.obj (.text:HalFlashGetAddress)
                  0000d05c    00000020     driverlib.lib : uart.obj (.text:NOROM_UARTDisable)
                  0000d07c    00000020     drivers_cc26x0r2.aem3 : PWMTimerCC26XX.oem3 (.text:PWMTimerCC26XX_stop)
                  0000d09c    00000020     dpl_cc26x0r2.aem3 : PowerCC26XX_tirtos.oem3 (.text:PowerCC26XX_schedulerDisable)
                  0000d0bc    00000020                       : PowerCC26XX_tirtos.oem3 (.text:PowerCC26XX_schedulerRestore)
                  0000d0dc    00000020     drivers_cc26x0r2.aem3 : PowerCC26XX.oem3 (.text:Power_unregisterNotify)
                  0000d0fc    00000020     cc2640_ll_pxxx.a : ll_isr.o (.text)
                  0000d11c    00000020     cc26xx_profiles_pxxx.a : gattservapp.o (.text)
                  0000d13c    00000020     gattservapp_util.obj (.text:gattServApp_FindCharCfgItem$12)
                  0000d15c    00000020     simple_peripheral_cc2640r2lp_stack_library.lib : osal_timers.obj (.text:osalFindTimer)
                  0000d17c    00000020                                                    : osal.obj (.text:osal_memcmp)
                  0000d19c    00000020                                                    : osal.obj (.text:osal_msg_deallocate)
                  0000d1bc    00000020                                                    : osal.obj (.text:osal_msg_send)
                  0000d1dc    00000020                                                    : osal.obj (.text:osal_proxy2alien$22)
                  0000d1fc    00000020     app_ble_pem3.oem3 (.text:ti_sysbios_BIOS_rtsLock__I)
                  0000d21c    00000020     rom_sysbios.aem3 : rom_sysbios.obj (.text:ti_sysbios_family_arm_cc26xx_Timer_dynamicStub__E)
                  0000d23c    00000020                      : rom_sysbios.obj (.text:xdc_runtime_Registry_findById__E)
                  0000d25c    0000001e     drivers_cc26x0r2.aem3 : PINCC26XX.oem3 (.text:PIN_close)
                  0000d27a    0000001e                           : PowerCC26XX.oem3 (.text:Power_getTransitionLatency)
                  0000d298    0000001e     simple_peripheral_cc2640r2lp_stack_library.lib : gapbondmgr.obj (.text:gapBondMgrInvertCharCfgItem$29)
                  0000d2b6    0000001e                                                    : gapbondmgr.obj (.text:gapBondSetupPrivFlag$29)
                  0000d2d4    0000001e                                                    : osal_snv_wrapper.obj (.text:osal_snv_read)
                  0000d2f2    00000002     icall_api_lite.obj (.text:rfErrCb)
                  0000d2f4    0000001c     simple_peripheral_cc2640r2lp_stack_library.lib : gapbondmgr.obj (.text:GAPBondMgr_Register)
                  0000d310    0000001c                                                    : gapbondmgr.obj (.text:GAPBondMgr_SupportsEnhancedPriv)
                  0000d32c    0000001c     icall.obj (.text:ICall_primRepostSync$5)
                  0000d348    0000001c     driverlib.lib : flash.obj (.text:NOROM_FlashProgram)
                  0000d364    0000001c                   : flash.obj (.text:NOROM_FlashSectorErase)
                  0000d380    0000001c     drivers_cc26x0r2.aem3 : PINCC26XX.oem3 (.text:PINCC26XX_setIoCfgMux)
                  0000d39c    0000001c                           : PINCC26XX.oem3 (.text:PIN_hwi)
                  0000d3b8    0000001c     RFCC26XX_singleMode.obj (.text:RF_getRssi)
                  0000d3d4    0000001c     simple_peripheral.obj (.text:SimpleBLEPeripheral_pairStateCB$0)
                  0000d3f0    0000001c     TRNGCC26XX.obj (.text:TRNGCC26XX_open)
                  0000d40c    0000001c     simple_peripheral_cc2640r2lp_stack_library.lib : osal_snv_wrapper.obj (.text:enableCache$26)
                  0000d428    0000001c                                                    : gapbondmgr.obj (.text:gapBondFreeAuthEvt$29)
                  0000d444    0000001c                                                    : hal_assert.obj (.text:halAssertHandlerExt)
                  0000d460    0000001c     TRNGCC26XX.obj (.text:openTRNG)
                  0000d47c    0000001c     simple_peripheral_cc2640r2lp_stack_library.lib : osal.obj (.text:osal_memdup)
                  0000d498    0000001c                                                    : osal.obj (.text:osal_revmemcpy)
                  0000d4b4    0000001c     RFCC26XX_singleMode.obj (.text:rfSetConstraint)
                  0000d4d0    0000001c     rom_sysbios.aem3 : rom_sysbios.obj (.text:ti_sysbios_knl_Swi_construct2__E)
                  0000d4ec    0000001a     icall.obj (.text:ICall_enterCSImpl)
                  0000d506    0000001a     drivers_cc26x0r2.aem3 : PWMTimerCC26XX.oem3 (.text:PWMTimerCC26XX_control)
                  0000d520    0000001a     simple_peripheral.obj (.text:SimpleBLEPeripheral_passcodeCB$0)
                  0000d53a    0000001a     dpl_cc26x0r2.aem3 : SystemP_tirtos.oem3 (.text:SystemP_snprintf)
                  0000d554    0000001a     simple_peripheral_cc2640r2lp_stack_library.lib : osal.obj (.text:osal_isbufset)
                  0000d56e    00000002     rtsv7M3_T_le_eabi.lib : i_div0.obj (.text)
                  0000d570    00000018     driverlib.lib : chipinfo.obj (.text:NOROM_ChipInfo_GetPackageType)
                  0000d588    00000018                   : rfc.obj (.text:NOROM_RFCCpeIntGetAndClear)
                  0000d5a0    00000018                   : timer.obj (.text:NOROM_TimerStallControl)
                  0000d5b8    00000018     drivers_cc26x0r2.aem3 : PowerCC26XX.oem3 (.text:Power_idleFunc)
                  0000d5d0    00000018     RFCC26XX_singleMode.obj (.text:Q_pop$3)
                  0000d5e8    00000018     drivers_cc26x0r2.aem3 : UARTCC26XX.oem3 (.text:UARTCC26XX_init)
                  0000d600    00000018                           : UART.oem3 (.text:UART_Params_init)
                  0000d618    00000018     simple_peripheral_cc2640r2lp_stack_library.lib : ble_dispatch_lite.obj (.text:bleDispatch_BMFree)
                  0000d630    00000018     drivers_cc26x0r2.aem3 : PowerCC26XX.oem3 (.text:configureRFCoreClocks)
                  0000d648    00000018                           : CryptoCC26XX.oem3 (.text:cryptoTransactionPoll)
                  0000d660    00000018     simple_peripheral_cc2640r2lp_stack_library.lib : gapbondmgr.obj (.text:gapBondMgrFindCharCfgItem$29)
                  0000d678    00000018                                                    : ble_dispatch_lite.obj (.text:icall_liteMsgParser)
                  0000d690    00000018                                                    : osal.obj (.text:osal_buffer_uint32)
                  0000d6a8    00000018                                                    : osal.obj (.text:osal_memcpy)
                  0000d6c0    00000018     RFCC26XX_singleMode.obj (.text:ratGetChannel$3)
                  0000d6d8    00000018     rtsv7M3_T_le_eabi.lib : args_main.obj (.text)
                  0000d6f0    00000018                           : ll_mul_t2.obj (.text)
                  0000d708    00000018     RFCC26XX_singleMode.obj (.text:swiFxnFsm$3)
                  0000d720    00000018     app_ble_pem3.oem3 (.text:ti_sysbios_BIOS_rtsUnlock__I)
                  0000d738    00000018     rom_sysbios.aem3 : rom_sysbios.obj (.text:ti_sysbios_heaps_HeapCallback_Instance_init__E)
                  0000d750    00000018                      : rom_sysbios.obj (.text:ti_sysbios_knl_Swi_or__E)
                  0000d768    00000018     app_ble_pem3.oem3 (.text:ti_sysbios_rom_cortexm_cc26xx_r2_CC26xx_checkRevision__E)
                  0000d780    00000016     display.aem3 : DisplayUart.oem3 (.text:DisplayUartAnsi_close)
                  0000d796    00000016     icall.obj (.text:ICall_abort)
                  0000d7ac    00000016     icall.obj (.text:ICall_leaveCSImpl)
                  0000d7c2    00000016     icall.obj (.text:ICall_pwrDispense)
                  0000d7d8    00000016     icall.obj (.text:ICall_pwrRequire)
                  0000d7ee    00000016     drivers_cc26x0r2.aem3 : List.oem3 (.text:List_remove)
                  0000d804    00000016     simple_peripheral_cc2640r2lp_stack_library.lib : rom_init.obj (.text:ROM_Spinlock)
                  0000d81a    00000016     cc2640_ll_pxxx.a : ll_isr.o (.text)
                  0000d830    00000016     ble_user_config.obj (.text:driverTable_fnSpinlock)
                  0000d846    00000016     simple_peripheral_cc2640r2lp_stack_library.lib : gapbondmgr.obj (.text:gapBondMgrEraseAllBondings$29)
                  0000d85c    00000016     app_ble_pem3.oem3 (.text:ti_sysbios_BIOS_errorRaiseHook__I)
                  0000d872    00000016     app_ble_pem3.oem3 (.text:ti_sysbios_BIOS_exitFunc__I)
                  0000d888    00000014     drivers_cc26x0r2.aem3 : PWM.oem3 (.text:PWM_Params_init)
                  0000d89c    00000014     RFCC26XX_singleMode.obj (.text:RF_Params_init)
                  0000d8b0    00000014     RFCC26XX_singleMode.obj (.text:RF_getCmdOp)
                  0000d8c4    00000014     cc2640_ll_pxxx.a : ll_data.o (.text)
                  0000d8d8    00000014     simple_peripheral_cc2640r2lp_stack_library.lib : gapbondmgr.obj (.text:gapBondMgr_gapIdle$29)
[...]
20001ee0  osal_last_timestamp                                                       
20001ee8  llTaskList                                                                
20001ef4  displayUartObject                                                         
20001f00  PowerCC26XX_taskKey                                                       
20001f04  PowerCC26XX_swiKey                                                        
20001f14  ClockP_tickPeriod                                                         
20001f18  tasksEvents                                                               
20001f1c  trngCC26XXObjects                                                         
20001f24  hciTaskID                                                                 
20001f25  hciGapTaskID                                                              
20001f26  hciTestTaskID                                                             
20001f27  hciL2capTaskID                                                            
20001f28  hciSmpTaskID                                                              
20001f29  driverlib_release_0_49664                                                 
20001f2a  g_hwiInt                                                                  
20001f2b  icall_liteTaskId                                                          
20001f2c  heapStart                                                                 
20004000  __stack                                                                   
20004000  heapEnd                                                                   
20004400  __STACK_END                                                               
20004400  __STACK_TOP                                                               
200044f8  RAM_BASE_ADDR                                                             
20004504  ROM_FlashJT                                                               
20004508  gapParameters                                                             
20004558  gapPeripheralCBs                                                          
20004564  gapPeripheralConnCBs                                                      
20004568  rfMode                                                                    
20004584  smResponderCBs                                                            
2000459c  slaveConnHandle                                                           
2000459e  nextHandle                                                                
200045a0  l2capMtuSize                                                              
200045a2  gapAppTaskID                                                              
200045a3  gapAdvAppTaskID                                                           
200045a4  gapUnwantedTaskID                                                         
200045a5  reqTaskId                                                                 
200045a6  gattAppTaskID                                                             
200045a7  appTaskID                                                                 
200045a8  flowCtrlTaskId                                                            
200045a9  SM_appTaskID                                                              
200045ac  resolvingList                                                             
200046ec  scanDataEntry                                                             
200047cc  wlTable                                                                   
200048a8  wlTableScan                                                               
20004988  rfObject                                                                  
20004a20  advCmd                                                                    
20004a68  localEccKeys                                                              
20004aac  initDataEntry                                                             
20004ae4  advDataEntry                                                              
20004b1c  l2capFixedChannels                                                        
20004b4c  linkCBs                                                                   
20004b7c  eccParams                                                                 
20004bac  initParam                                                                 
20004bd0  scanParam                                                                 
20004bf4  advParam                                                                  
20004c14  cryptoPRAND                                                               
20004c34  txModemTestCmd                                                            
20004c50  gapParams                                                                 
20004c6c  initCmd                                                                   
20004c84  connReqData                                                               
20004c9c  scanCmd                                                                   
20004cb4  scanOutput                                                                
20004ccc  trxTestCmd                                                                
20004ce4  rxModemTestCmd                                                            
20004cfc  rsp                                                                       
20004d14  fwParDtmCmd                                                               
20004d2c  rfSetup                                                                   
20004d44  fwParRfCmd                                                                
20004d5c  connOutput                                                                
20004d70  rxTestParam                                                               
20004d84  initDataQueue                                                             
20004d94  scanDataQueue                                                             
20004da4  advDataQueue                                                              
20004db4  advOutput                                                                 
20004dc4  txTestParam                                                               
20004dd4  initOutput                                                                
20004de0  rxTestOut                                                                 
20004dec  deviceFeatureSet                                                          
20004df8  cachedTRNGdata                                                            
20004e04  gapCurrentRandomAddr                                                      
20004e0c  slaveUpdateReq                                                            
20004e14  pBleEvtMask                                                               
20004e1c  pHciEvtMask                                                               
20004e24  pHciEvtMask2                                                              
20004e2c  ownPublicAddr                                                             
20004e34  ownRandomAddr                                                             
20004e3c  ownSavedPublicAddr                                                        
20004e44  fwImmedCmd                                                                
20004e4c  attServerNotifyTxCB                                                       
20004e50  rfEvent                                                                   
20004e58  fwParCmd                                                                  
20004e60  verInfo                                                                   
20004e68  llConns                                                                   
20004e70  fwParamImmedCmd                                                           
20004e78  privInfo                                                                  
20004e80  linkCmd                                                                   
20004e84  linkParam                                                                 
20004e88  rxDataQ                                                                   
20004e8c  txDataQ                                                                   
20004e90  rxRingBuf                                                                 
20004e94  txTestOut                                                                 
20004e98  pGapDiscReq                                                               
20004e9c  pGapAdvertState                                                           
20004ea0  pEstLink                                                                  
20004ea4  pAuthLink                                                                 
20004ea8  pfnCentralConnCBs                                                         
20004eac  pfnPeripheralConnCBs                                                      
20004eb0  pGapAdvTokens                                                             
20004eb4  pGapAdData                                                                
20004eb8  pGapScanRspData                                                           
20004ebc  pfnPeripheralCBs                                                          
20004ec0  pfnCentralCBs                                                             
20004ec4  pfnBondMgrCBs                                                             
20004ec8  serverInfoTbl                                                             
20004ecc  pServiceList                                                              
20004ed0  pfnServerProcessMsgCB                                                     
20004ed4  pfnClientProcessMsgCB                                                     
20004ed8  prepareWritesTbl                                                          
20004edc  serviceCBsList                                                            
20004ee0  pAttrValue                                                                
20004ee4  l2capChannels                                                             
20004ee8  linkDB                                                                    
20004eec  rfHandle                                                                  
20004ef0  rfDrvTblPtr                                                               
20004ef4  eccDrvTblPtr                                                              
20004ef8  cryptoDrvTblPtr                                                           
20004efc  trngDrvTblPtr                                                             
20004f00  activeConns                                                               
20004f04  SysBootMsg                                                                
20004f08  sclkSrc                                                                   
20004f0c  buildInfo                                                                 
20004f10  advInfo                                                                   
20004f14  scanInfo                                                                  
20004f18  initInfo                                                                  
20004f1c  dtmInfo                                                                   
20004f20  taskEndAction                                                             
20004f24  encParams                                                                 
20004f28  encHandle                                                                 
20004f2c  encKey                                                                    
20004f30  pPairingParams                                                            
20004f34  pfnResponderCBs                                                           
20004f38  pfnInitiatorCBs                                                           
20004f3c  gapLimitedAdvertisingTimeout                                              
20004f3e  attrLen                                                                   
20004f40  numHostBufs                                                               
20004f42  rfCmdHandle                                                               
20004f44  connInitialMaxTxOctets                                                    
20004f46  connInitialMaxTxTime                                                      
20004f48  supportedMaxTxOctets                                                      
20004f4a  supportedMaxTxTime                                                        
20004f4c  supportedMaxRxOctets                                                      
20004f4e  supportedMaxRxTime                                                        
20004f50  taskEndStatus                                                             
20004f52  postRfOperations                                                          
20004f54  rfCfgAdiVal                                                               
20004f58  gapProfileRole                                                            
20004f59  gapDeviceAddrMode                                                         
20004f5a  gapState                                                                  
20004f5b  terminateAllTaskID                                                        
20004f5c  terminateReason                                                           
20004f5d  gapTaskID                                                                 
20004f5e  gattNumConns                                                              
20004f5f  gattTaskID                                                                
20004f60  GATTServApp_TaskID                                                        
20004f61  maxNumPrepareWrites                                                       
20004f62  hciPTMenabled                                                             
20004f63  ctrlToHostEnable                                                          
20004f64  l2capFlowCtrlMode                                                         
20004f65  l2capTaskID                                                               
20004f66  l2capNumChannels                                                          
20004f67  l2capNumDataPkts                                                          
20004f68  l2capId                                                                   
20004f69  linkDBNumConns                                                            
20004f6a  linkDB_secureConnectionOnlyMode                                           
20004f6b  maxPduSize                                                                
20004f6c  rfFeModeBias                                                              
20004f6d  maxNumTxDataBufs                                                          
20004f6e  LL_TaskID                                                                 
20004f6f  llState                                                                   
20004f70  rssiCorrection                                                            
20004f71  curTxPowerVal                                                             
20004f72  maxTxPwrForDTM                                                            
20004f73  onePktPerEvt                                                              
20004f74  numComplPkts                                                              
20004f75  numComplPktsLimit                                                         
20004f76  numComplPktsFlush                                                         
20004f77  fastTxRespTime                                                            
20004f78  slOverride                                                                
20004f79  rxFifoFlowCtrl                                                            
20004f7a  numTxDataBufs                                                             
20004f7b  maxNumConns                                                               
20004f7c  smTaskID                                                                  
20004f7d  SM_appExpectingKey                                                        
20004f80  ECC_DATA$$Base                                                            
20004f80  eccRom_param_Gx                                                           
20004f84  eccRom_param_Gy                                                           
20004f88  eccRom_workzone                                                           
20004f8c  eccRom_param_p                                                            
20004f90  eccRom_param_r                                                            
20004f94  eccRom_param_a                                                            
20004f98  eccRom_param_b                                                            
20004f9c  eccRom_windowSize                                                         
20004fa0  aux64                                                                     
20004fa8  MOD                                                                       
20004fac  LEN                                                                       
20004fb0  inScalar                                                                  
20004fb4  inPointX                                                                  
20004fb8  inPointY                                                                  
20004fbc  outPointX                                                                 
20004fc0  outPointY                                                                 
20004fc4  SCAL                                                                      
20004fc8  EXPX                                                                      
20004fcc  EXPY                                                                      
20004fd0  EXPZ                                                                      
20004fd4  EXPW                                                                      
20004fd8  ACCX                                                                      
20004fdc  ACCY                                                                      
20004fe0  ACCZ                                                                      
20004fe4  TMP1                                                                      
20004fe8  TMP2                                                                      
20004fec  TMP3                                                                      
20004ff0  TMP4                                                                      
20004ff4  TMP5                                                                      
20004ff8  TMP6                                                                      
20004ffc  MSBMOD                                                                    
20005000  ECC_DATA$$Limit                                                           
20005000  __UNUSED_SRAM_end__                                                       
e000e000  ti_sysbios_family_arm_m3_Hwi_nvic                                         
ffffffff  __TI_pprof_out_hndl                                                       
ffffffff  __TI_prof_data_size                                                       
ffffffff  __TI_prof_data_start                                                      
ffffffff  __binit__                                                                 
ffffffff  __c_args__                                                                
ffffffff  binit                                                                     
UNDEFED   SHT$$INIT_ARRAY$$Base                                                     
UNDEFED   SHT$$INIT_ARRAY$$Limit                                                    

[2294 symbols]
